[2026-07-15 11:47:04,659][INFO]:  Importing File: D:/mCraft_compass/KiCAD/new_ledMatrix/new_ledMatrix.kicad_pro
[2026-07-15 11:47:04,709][INFO]:  Processing documents list
[2026-07-15 11:47:04,709][INFO]:  Reading document: new_ledMatrix.kicad_pro
[2026-07-15 11:47:04,709][INFO]:  Converting document: 'D:/mCraft_compass/KiCAD/new_ledMatrix/new_ledMatrix.kicad_pro'
[2026-07-15 11:47:08,863][INFO]:  Finished processing document: 'D:/mCraft_compass/KiCAD/new_ledMatrix/new_ledMatrix.kicad_pro'
[2026-07-15 11:47:08,863][INFO]:  Reading document: new_ledMatrix.kicad_pcb
[2026-07-15 11:47:08,914][INFO]:  Converting document: 'D:/mCraft_compass/KiCAD/new_ledMatrix/new_ledMatrix.kicad_pcb'
[2026-07-15 11:47:08,930][INFO]:  KiCad Pcb Converter: Attribute name 'Datasheet' from line 170 need to be changed to 'DATASHEET'
[2026-07-15 11:47:08,931][INFO]:  KiCad Pcb Converter: Attribute name 'Description' from line 183 need to be changed to 'DESCRIPTION'
[2026-07-15 11:47:08,933][INFO]:  KiCad Pcb Converter: Attribute name 'Datasheet' from line 441 need to be changed to 'DATASHEET'
[2026-07-15 11:47:08,933][INFO]:  KiCad Pcb Converter: Attribute name 'Description' from line 454 need to be changed to 'DESCRIPTION'
[2026-07-15 11:47:08,935][INFO]:  KiCad Pcb Converter: Attribute name 'Datasheet' from line 712 need to be changed to 'DATASHEET'
[2026-07-15 11:47:08,935][INFO]:  KiCad Pcb Converter: Attribute name 'Description' from line 725 need to be changed to 'DESCRIPTION'
[2026-07-15 11:47:08,935][INFO]:  KiCad Pcb Converter: Attribute name 'Datasheet' from line 983 need to be changed to 'DATASHEET'
[2026-07-15 11:47:08,935][INFO]:  KiCad Pcb Converter: Attribute name 'Description' from line 996 need to be changed to 'DESCRIPTION'
[2026-07-15 11:47:08,936][INFO]:  KiCad Pcb Converter: Attribute name 'Datasheet' from line 1254 need to be changed to 'DATASHEET'
[2026-07-15 11:47:08,936][INFO]:  KiCad Pcb Converter: Attribute name 'Description' from line 1267 need to be changed to 'DESCRIPTION'
[2026-07-15 11:47:08,937][INFO]:  KiCad Pcb Converter: Attribute name 'Datasheet' from line 1525 need to be changed to 'DATASHEET'
[2026-07-15 11:47:08,937][INFO]:  KiCad Pcb Converter: Attribute name 'Description' from line 1538 need to be changed to 'DESCRIPTION'
[2026-07-15 11:47:08,937][INFO]:  KiCad Pcb Converter: Attribute name 'Datasheet' from line 1796 need to be changed to 'DATASHEET'
[2026-07-15 11:47:08,937][INFO]:  KiCad Pcb Converter: Attribute name 'Description' from line 1809 need to be changed to 'DESCRIPTION'
[2026-07-15 11:47:08,939][INFO]:  KiCad Pcb Converter: Attribute name 'Datasheet' from line 2067 need to be changed to 'DATASHEET'
[2026-07-15 11:47:08,939][INFO]:  KiCad Pcb Converter: Attribute name 'Description' from line 2080 need to be changed to 'DESCRIPTION'
[2026-07-15 11:47:08,939][INFO]:  KiCad Pcb Converter: Attribute name 'Datasheet' from line 2338 need to be changed to 'DATASHEET'
[2026-07-15 11:47:08,940][INFO]:  KiCad Pcb Converter: Attribute name 'Description' from line 2351 need to be changed to 'DESCRIPTION'
[2026-07-15 11:47:08,940][INFO]:  KiCad Pcb Converter: Attribute name 'Datasheet' from line 2609 need to be changed to 'DATASHEET'
[2026-07-15 11:47:08,940][INFO]:  KiCad Pcb Converter: Attribute name 'Description' from line 2622 need to be changed to 'DESCRIPTION'
[2026-07-15 11:47:08,940][INFO]:  KiCad Pcb Converter: Attribute name 'Datasheet' from line 2880 need to be changed to 'DATASHEET'
[2026-07-15 11:47:08,941][INFO]:  KiCad Pcb Converter: Attribute name 'Description' from line 2893 need to be changed to 'DESCRIPTION'
[2026-07-15 11:47:08,941][INFO]:  KiCad Pcb Converter: Attribute name 'Datasheet' from line 3151 need to be changed to 'DATASHEET'
[2026-07-15 11:47:08,942][INFO]:  KiCad Pcb Converter: Attribute name 'Description' from line 3164 need to be changed to 'DESCRIPTION'
[2026-07-15 11:47:08,942][INFO]:  KiCad Pcb Converter: Attribute name 'Datasheet' from line 3422 need to be changed to 'DATASHEET'
[2026-07-15 11:47:08,942][INFO]:  KiCad Pcb Converter: Attribute name 'Description' from line 3435 need to be changed to 'DESCRIPTION'
[2026-07-15 11:47:08,943][INFO]:  KiCad Pcb Converter: Attribute name 'Datasheet' from line 3693 need to be changed to 'DATASHEET'
[2026-07-15 11:47:08,943][INFO]:  KiCad Pcb Converter: Attribute name 'Description' from line 3706 need to be changed to 'DESCRIPTION'
[2026-07-15 11:47:08,944][INFO]:  KiCad Pcb Converter: Attribute name 'Datasheet' from line 3964 need to be changed to 'DATASHEET'
[2026-07-15 11:47:08,944][INFO]:  KiCad Pcb Converter: Attribute name 'Description' from line 3977 need to be changed to 'DESCRIPTION'
[2026-07-15 11:47:08,944][INFO]:  KiCad Pcb Converter: Attribute name 'Datasheet' from line 4235 need to be changed to 'DATASHEET'
[2026-07-15 11:47:08,945][INFO]:  KiCad Pcb Converter: Attribute name 'Description' from line 4248 need to be changed to 'DESCRIPTION'
[2026-07-15 11:47:08,945][INFO]:  KiCad Pcb Converter: Attribute name 'Datasheet' from line 4506 need to be changed to 'DATASHEET'
[2026-07-15 11:47:08,945][INFO]:  KiCad Pcb Converter: Attribute name 'Description' from line 4519 need to be changed to 'DESCRIPTION'
[2026-07-15 11:47:08,947][INFO]:  KiCad Pcb Converter: Attribute name 'Datasheet' from line 4777 need to be changed to 'DATASHEET'
[2026-07-15 11:47:08,947][INFO]:  KiCad Pcb Converter: Attribute name 'Description' from line 4790 need to be changed to 'DESCRIPTION'
[2026-07-15 11:47:08,947][INFO]:  KiCad Pcb Converter: Attribute name 'Datasheet' from line 5048 need to be changed to 'DATASHEET'
[2026-07-15 11:47:08,947][INFO]:  KiCad Pcb Converter: Attribute name 'Description' from line 5061 need to be changed to 'DESCRIPTION'
[2026-07-15 11:47:08,947][INFO]:  KiCad Pcb Converter: Attribute name 'Datasheet' from line 5319 need to be changed to 'DATASHEET'
[2026-07-15 11:47:08,949][INFO]:  KiCad Pcb Converter: Attribute name 'Description' from line 5332 need to be changed to 'DESCRIPTION'
[2026-07-15 11:47:08,949][INFO]:  KiCad Pcb Converter: Attribute name 'Datasheet' from line 5590 need to be changed to 'DATASHEET'
[2026-07-15 11:47:08,949][INFO]:  KiCad Pcb Converter: Attribute name 'Description' from line 5603 need to be changed to 'DESCRIPTION'
[2026-07-15 11:47:08,950][INFO]:  KiCad Pcb Converter: Attribute name 'Datasheet' from line 5861 need to be changed to 'DATASHEET'
[2026-07-15 11:47:08,950][INFO]:  KiCad Pcb Converter: Attribute name 'Description' from line 5874 need to be changed to 'DESCRIPTION'
[2026-07-15 11:47:08,950][INFO]:  KiCad Pcb Converter: Attribute name 'Datasheet' from line 6132 need to be changed to 'DATASHEET'
[2026-07-15 11:47:08,950][INFO]:  KiCad Pcb Converter: Attribute name 'Description' from line 6145 need to be changed to 'DESCRIPTION'
[2026-07-15 11:47:08,951][INFO]:  KiCad Pcb Converter: Attribute name 'Datasheet' from line 6403 need to be changed to 'DATASHEET'
[2026-07-15 11:47:08,951][INFO]:  KiCad Pcb Converter: Attribute name 'Description' from line 6416 need to be changed to 'DESCRIPTION'
[2026-07-15 11:47:08,952][INFO]:  KiCad Pcb Converter: Attribute name 'Datasheet' from line 6674 need to be changed to 'DATASHEET'
[2026-07-15 11:47:08,952][INFO]:  KiCad Pcb Converter: Attribute name 'Description' from line 6687 need to be changed to 'DESCRIPTION'
[2026-07-15 11:47:08,952][INFO]:  KiCad Pcb Converter: Attribute name 'Datasheet' from line 6945 need to be changed to 'DATASHEET'
[2026-07-15 11:47:08,953][INFO]:  KiCad Pcb Converter: Attribute name 'Description' from line 6958 need to be changed to 'DESCRIPTION'
[2026-07-15 11:47:08,953][INFO]:  KiCad Pcb Converter: Attribute name 'Datasheet' from line 7216 need to be changed to 'DATASHEET'
[2026-07-15 11:47:08,953][INFO]:  KiCad Pcb Converter: Attribute name 'Description' from line 7229 need to be changed to 'DESCRIPTION'
[2026-07-15 11:47:08,953][INFO]:  KiCad Pcb Converter: Attribute name 'Datasheet' from line 7487 need to be changed to 'DATASHEET'
[2026-07-15 11:47:08,953][INFO]:  KiCad Pcb Converter: Attribute name 'Description' from line 7500 need to be changed to 'DESCRIPTION'
[2026-07-15 11:47:08,954][INFO]:  KiCad Pcb Converter: Attribute name 'Datasheet' from line 7758 need to be changed to 'DATASHEET'
[2026-07-15 11:47:08,954][INFO]:  KiCad Pcb Converter: Attribute name 'Description' from line 7771 need to be changed to 'DESCRIPTION'
[2026-07-15 11:47:08,955][INFO]:  KiCad Pcb Converter: Attribute name 'Datasheet' from line 8029 need to be changed to 'DATASHEET'
[2026-07-15 11:47:08,955][INFO]:  KiCad Pcb Converter: Attribute name 'Description' from line 8042 need to be changed to 'DESCRIPTION'
[2026-07-15 11:47:08,956][INFO]:  KiCad Pcb Converter: Attribute name 'Datasheet' from line 8300 need to be changed to 'DATASHEET'
[2026-07-15 11:47:08,956][INFO]:  KiCad Pcb Converter: Attribute name 'Description' from line 8313 need to be changed to 'DESCRIPTION'
[2026-07-15 11:47:08,956][INFO]:  KiCad Pcb Converter: Attribute name 'Datasheet' from line 8571 need to be changed to 'DATASHEET'
[2026-07-15 11:47:08,957][INFO]:  KiCad Pcb Converter: Attribute name 'Description' from line 8584 need to be changed to 'DESCRIPTION'
[2026-07-15 11:47:08,957][INFO]:  KiCad Pcb Converter: Attribute name 'Datasheet' from line 8842 need to be changed to 'DATASHEET'
[2026-07-15 11:47:08,957][INFO]:  KiCad Pcb Converter: Attribute name 'Description' from line 8855 need to be changed to 'DESCRIPTION'
[2026-07-15 11:47:08,959][INFO]:  KiCad Pcb Converter: Attribute name 'Datasheet' from line 9113 need to be changed to 'DATASHEET'
[2026-07-15 11:47:08,959][INFO]:  KiCad Pcb Converter: Attribute name 'Description' from line 9126 need to be changed to 'DESCRIPTION'
[2026-07-15 11:47:08,960][INFO]:  KiCad Pcb Converter: Attribute name 'Datasheet' from line 9384 need to be changed to 'DATASHEET'
[2026-07-15 11:47:08,960][INFO]:  KiCad Pcb Converter: Attribute name 'Description' from line 9397 need to be changed to 'DESCRIPTION'
[2026-07-15 11:47:08,960][INFO]:  KiCad Pcb Converter: Attribute name 'Datasheet' from line 9655 need to be changed to 'DATASHEET'
[2026-07-15 11:47:08,960][INFO]:  KiCad Pcb Converter: Attribute name 'Description' from line 9668 need to be changed to 'DESCRIPTION'
[2026-07-15 11:47:08,961][INFO]:  KiCad Pcb Converter: Attribute name 'Datasheet' from line 9926 need to be changed to 'DATASHEET'
[2026-07-15 11:47:08,961][INFO]:  KiCad Pcb Converter: Attribute name 'Description' from line 9939 need to be changed to 'DESCRIPTION'
[2026-07-15 11:47:08,961][INFO]:  KiCad Pcb Converter: Attribute name 'Datasheet' from line 10197 need to be changed to 'DATASHEET'
[2026-07-15 11:47:08,961][INFO]:  KiCad Pcb Converter: Attribute name 'Description' from line 10210 need to be changed to 'DESCRIPTION'
[2026-07-15 11:47:08,962][INFO]:  KiCad Pcb Converter: Attribute name 'Datasheet' from line 10468 need to be changed to 'DATASHEET'
[2026-07-15 11:47:08,962][INFO]:  KiCad Pcb Converter: Attribute name 'Description' from line 10481 need to be changed to 'DESCRIPTION'
[2026-07-15 11:47:08,963][INFO]:  KiCad Pcb Converter: Attribute name 'Datasheet' from line 10739 need to be changed to 'DATASHEET'
[2026-07-15 11:47:08,963][INFO]:  KiCad Pcb Converter: Attribute name 'Description' from line 10752 need to be changed to 'DESCRIPTION'
[2026-07-15 11:47:08,963][INFO]:  KiCad Pcb Converter: Attribute name 'Datasheet' from line 11010 need to be changed to 'DATASHEET'
[2026-07-15 11:47:08,964][INFO]:  KiCad Pcb Converter: Attribute name 'Description' from line 11023 need to be changed to 'DESCRIPTION'
[2026-07-15 11:47:08,964][INFO]:  KiCad Pcb Converter: Attribute name 'Datasheet' from line 11281 need to be changed to 'DATASHEET'
[2026-07-15 11:47:08,964][INFO]:  KiCad Pcb Converter: Attribute name 'Description' from line 11294 need to be changed to 'DESCRIPTION'
[2026-07-15 11:47:08,965][INFO]:  KiCad Pcb Converter: Attribute name 'Datasheet' from line 11552 need to be changed to 'DATASHEET'
[2026-07-15 11:47:08,965][INFO]:  KiCad Pcb Converter: Attribute name 'Description' from line 11565 need to be changed to 'DESCRIPTION'
[2026-07-15 11:47:08,966][INFO]:  KiCad Pcb Converter: Attribute name 'Datasheet' from line 11823 need to be changed to 'DATASHEET'
[2026-07-15 11:47:08,966][INFO]:  KiCad Pcb Converter: Attribute name 'Description' from line 11836 need to be changed to 'DESCRIPTION'
[2026-07-15 11:47:08,966][INFO]:  KiCad Pcb Converter: Attribute name 'Datasheet' from line 12094 need to be changed to 'DATASHEET'
[2026-07-15 11:47:08,966][INFO]:  KiCad Pcb Converter: Attribute name 'Description' from line 12107 need to be changed to 'DESCRIPTION'
[2026-07-15 11:47:08,967][INFO]:  KiCad Pcb Converter: Attribute name 'Datasheet' from line 12365 need to be changed to 'DATASHEET'
[2026-07-15 11:47:08,967][INFO]:  KiCad Pcb Converter: Attribute name 'Description' from line 12378 need to be changed to 'DESCRIPTION'
[2026-07-15 11:47:08,968][INFO]:  KiCad Pcb Converter: Attribute name 'Datasheet' from line 12636 need to be changed to 'DATASHEET'
[2026-07-15 11:47:08,968][INFO]:  KiCad Pcb Converter: Attribute name 'Description' from line 12649 need to be changed to 'DESCRIPTION'
[2026-07-15 11:47:08,969][INFO]:  KiCad Pcb Converter: Attribute name 'Datasheet' from line 12907 need to be changed to 'DATASHEET'
[2026-07-15 11:47:08,969][INFO]:  KiCad Pcb Converter: Attribute name 'Description' from line 12920 need to be changed to 'DESCRIPTION'
[2026-07-15 11:47:08,969][INFO]:  KiCad Pcb Converter: Attribute name 'Datasheet' from line 13178 need to be changed to 'DATASHEET'
[2026-07-15 11:47:08,969][INFO]:  KiCad Pcb Converter: Attribute name 'Description' from line 13191 need to be changed to 'DESCRIPTION'
[2026-07-15 11:47:08,970][INFO]:  KiCad Pcb Converter: Attribute name 'Datasheet' from line 13449 need to be changed to 'DATASHEET'
[2026-07-15 11:47:08,970][INFO]:  KiCad Pcb Converter: Attribute name 'Description' from line 13462 need to be changed to 'DESCRIPTION'
[2026-07-15 11:47:08,971][INFO]:  KiCad Pcb Converter: Attribute name 'Datasheet' from line 13720 need to be changed to 'DATASHEET'
[2026-07-15 11:47:08,971][INFO]:  KiCad Pcb Converter: Attribute name 'Description' from line 13733 need to be changed to 'DESCRIPTION'
[2026-07-15 11:47:08,971][INFO]:  KiCad Pcb Converter: Attribute name 'Datasheet' from line 13991 need to be changed to 'DATASHEET'
[2026-07-15 11:47:08,971][INFO]:  KiCad Pcb Converter: Attribute name 'Description' from line 14004 need to be changed to 'DESCRIPTION'
[2026-07-15 11:47:08,971][INFO]:  KiCad Pcb Converter: Attribute name 'Datasheet' from line 14262 need to be changed to 'DATASHEET'
[2026-07-15 11:47:08,973][INFO]:  KiCad Pcb Converter: Attribute name 'Description' from line 14275 need to be changed to 'DESCRIPTION'
[2026-07-15 11:47:08,973][INFO]:  KiCad Pcb Converter: Attribute name 'Datasheet' from line 14533 need to be changed to 'DATASHEET'
[2026-07-15 11:47:08,973][INFO]:  KiCad Pcb Converter: Attribute name 'Description' from line 14546 need to be changed to 'DESCRIPTION'
[2026-07-15 11:47:08,974][INFO]:  KiCad Pcb Converter: Attribute name 'Datasheet' from line 14804 need to be changed to 'DATASHEET'
[2026-07-15 11:47:08,974][INFO]:  KiCad Pcb Converter: Attribute name 'Description' from line 14817 need to be changed to 'DESCRIPTION'
[2026-07-15 11:47:08,975][INFO]:  KiCad Pcb Converter: Attribute name 'Datasheet' from line 15075 need to be changed to 'DATASHEET'
[2026-07-15 11:47:08,975][INFO]:  KiCad Pcb Converter: Attribute name 'Description' from line 15088 need to be changed to 'DESCRIPTION'
[2026-07-15 11:47:08,977][INFO]:  KiCad Pcb Converter: Attribute name 'Datasheet' from line 15347 need to be changed to 'DATASHEET'
[2026-07-15 11:47:08,977][INFO]:  KiCad Pcb Converter: Attribute name 'Description' from line 15360 need to be changed to 'DESCRIPTION'
[2026-07-15 11:47:08,978][INFO]:  KiCad Pcb Converter: Attribute name 'Datasheet' from line 15551 need to be changed to 'DATASHEET'
[2026-07-15 11:47:08,978][INFO]:  KiCad Pcb Converter: Attribute name 'Description' from line 15564 need to be changed to 'DESCRIPTION'
[2026-07-15 11:47:08,980][INFO]:  KiCad Pcb Converter: Attribute name 'Datasheet' from line 15756 need to be changed to 'DATASHEET'
[2026-07-15 11:47:08,980][INFO]:  KiCad Pcb Converter: Attribute name 'Description' from line 15770 need to be changed to 'DESCRIPTION'
[2026-07-15 11:47:08,981][INFO]:  KiCad Pcb Converter: Attribute name 'Datasheet' from line 15852 need to be changed to 'DATASHEET'
[2026-07-15 11:47:08,981][INFO]:  KiCad Pcb Converter: Attribute name 'Description' from line 15865 need to be changed to 'DESCRIPTION'
[2026-07-15 11:47:08,982][INFO]:  KiCad Pcb Converter: Attribute name 'Datasheet' from line 16056 need to be changed to 'DATASHEET'
[2026-07-15 11:47:08,982][INFO]:  KiCad Pcb Converter: Attribute name 'Description' from line 16069 need to be changed to 'DESCRIPTION'
[2026-07-15 11:47:08,983][INFO]:  KiCad Pcb Converter: Attribute name 'Datasheet' from line 16260 need to be changed to 'DATASHEET'
[2026-07-15 11:47:08,983][INFO]:  KiCad Pcb Converter: Attribute name 'Description' from line 16273 need to be changed to 'DESCRIPTION'
[2026-07-15 11:47:08,984][INFO]:  KiCad Pcb Converter: Attribute name 'Datasheet' from line 16464 need to be changed to 'DATASHEET'
[2026-07-15 11:47:08,985][INFO]:  KiCad Pcb Converter: Attribute name 'Description' from line 16477 need to be changed to 'DESCRIPTION'
[2026-07-15 11:47:08,986][INFO]:  KiCad Pcb Converter: Attribute name 'Datasheet' from line 16668 need to be changed to 'DATASHEET'
[2026-07-15 11:47:08,986][INFO]:  KiCad Pcb Converter: Attribute name 'Description' from line 16681 need to be changed to 'DESCRIPTION'
[2026-07-15 11:47:08,987][INFO]:  KiCad Pcb Converter: Attribute name 'Datasheet' from line 16872 need to be changed to 'DATASHEET'
[2026-07-15 11:47:08,987][INFO]:  KiCad Pcb Converter: Attribute name 'Description' from line 16885 need to be changed to 'DESCRIPTION'
[2026-07-15 11:47:08,987][INFO]:  KiCad Pcb Converter: Attribute name 'Datasheet' from line 17076 need to be changed to 'DATASHEET'
[2026-07-15 11:47:08,989][INFO]:  KiCad Pcb Converter: Attribute name 'Description' from line 17089 need to be changed to 'DESCRIPTION'
[2026-07-15 11:47:08,990][INFO]:  KiCad Pcb Converter: Attribute name 'Datasheet' from line 17280 need to be changed to 'DATASHEET'
[2026-07-15 11:47:08,990][INFO]:  KiCad Pcb Converter: Attribute name 'Description' from line 17293 need to be changed to 'DESCRIPTION'
[2026-07-15 11:47:08,991][INFO]:  KiCad Pcb Converter: Attribute name 'Datasheet' from line 17484 need to be changed to 'DATASHEET'
[2026-07-15 11:47:08,991][INFO]:  KiCad Pcb Converter: Attribute name 'Description' from line 17497 need to be changed to 'DESCRIPTION'
[2026-07-15 11:47:08,992][INFO]:  KiCad Pcb Converter: Attribute name 'Datasheet' from line 17688 need to be changed to 'DATASHEET'
[2026-07-15 11:47:08,992][INFO]:  KiCad Pcb Converter: Attribute name 'Description' from line 17701 need to be changed to 'DESCRIPTION'
[2026-07-15 11:47:08,993][INFO]:  KiCad Pcb Converter: Attribute name 'Datasheet' from line 17892 need to be changed to 'DATASHEET'
[2026-07-15 11:47:08,993][INFO]:  KiCad Pcb Converter: Attribute name 'Description' from line 17905 need to be changed to 'DESCRIPTION'
[2026-07-15 11:47:08,994][INFO]:  KiCad Pcb Converter: Attribute name 'Datasheet' from line 18096 need to be changed to 'DATASHEET'
[2026-07-15 11:47:08,994][INFO]:  KiCad Pcb Converter: Attribute name 'Description' from line 18109 need to be changed to 'DESCRIPTION'
[2026-07-15 11:47:08,995][INFO]:  KiCad Pcb Converter: Attribute name 'Datasheet' from line 18300 need to be changed to 'DATASHEET'
[2026-07-15 11:47:08,995][INFO]:  KiCad Pcb Converter: Attribute name 'Description' from line 18313 need to be changed to 'DESCRIPTION'
[2026-07-15 11:47:08,996][INFO]:  KiCad Pcb Converter: Attribute name 'Datasheet' from line 18504 need to be changed to 'DATASHEET'
[2026-07-15 11:47:08,997][INFO]:  KiCad Pcb Converter: Attribute name 'Description' from line 18517 need to be changed to 'DESCRIPTION'
[2026-07-15 11:47:08,997][INFO]:  KiCad Pcb Converter: Attribute name 'Datasheet' from line 18708 need to be changed to 'DATASHEET'
[2026-07-15 11:47:08,997][INFO]:  KiCad Pcb Converter: Attribute name 'Description' from line 18721 need to be changed to 'DESCRIPTION'
[2026-07-15 11:47:08,999][INFO]:  KiCad Pcb Converter: Attribute name 'Datasheet' from line 18912 need to be changed to 'DATASHEET'
[2026-07-15 11:47:08,999][INFO]:  KiCad Pcb Converter: Attribute name 'Description' from line 18925 need to be changed to 'DESCRIPTION'
[2026-07-15 11:47:09,000][INFO]:  KiCad Pcb Converter: Attribute name 'Datasheet' from line 19116 need to be changed to 'DATASHEET'
[2026-07-15 11:47:09,001][INFO]:  KiCad Pcb Converter: Attribute name 'Description' from line 19129 need to be changed to 'DESCRIPTION'
[2026-07-15 11:47:09,001][INFO]:  KiCad Pcb Converter: Attribute name 'Datasheet' from line 19320 need to be changed to 'DATASHEET'
[2026-07-15 11:47:09,002][INFO]:  KiCad Pcb Converter: Attribute name 'Description' from line 19333 need to be changed to 'DESCRIPTION'
[2026-07-15 11:47:09,003][INFO]:  KiCad Pcb Converter: Attribute name 'Datasheet' from line 19524 need to be changed to 'DATASHEET'
[2026-07-15 11:47:09,003][INFO]:  KiCad Pcb Converter: Attribute name 'Description' from line 19537 need to be changed to 'DESCRIPTION'
[2026-07-15 11:47:09,004][INFO]:  KiCad Pcb Converter: Attribute name 'Datasheet' from line 19730 need to be changed to 'DATASHEET'
[2026-07-15 11:47:09,004][INFO]:  KiCad Pcb Converter: Attribute name 'Description' from line 19744 need to be changed to 'DESCRIPTION'
[2026-07-15 11:47:09,005][INFO]:  KiCad Pcb Converter: Attribute name 'Datasheet' from line 19826 need to be changed to 'DATASHEET'
[2026-07-15 11:47:09,006][INFO]:  KiCad Pcb Converter: Attribute name 'Description' from line 19839 need to be changed to 'DESCRIPTION'
[2026-07-15 11:47:09,007][INFO]:  KiCad Pcb Converter: Attribute name 'Datasheet' from line 20030 need to be changed to 'DATASHEET'
[2026-07-15 11:47:09,007][INFO]:  KiCad Pcb Converter: Attribute name 'Description' from line 20043 need to be changed to 'DESCRIPTION'
[2026-07-15 11:47:09,008][INFO]:  KiCad Pcb Converter: Attribute name 'Datasheet' from line 20234 need to be changed to 'DATASHEET'
[2026-07-15 11:47:09,008][INFO]:  KiCad Pcb Converter: Attribute name 'Description' from line 20247 need to be changed to 'DESCRIPTION'
[2026-07-15 11:47:09,009][INFO]:  KiCad Pcb Converter: Attribute name 'Datasheet' from line 20438 need to be changed to 'DATASHEET'
[2026-07-15 11:47:09,009][INFO]:  KiCad Pcb Converter: Attribute name 'Description' from line 20451 need to be changed to 'DESCRIPTION'
[2026-07-15 11:47:09,010][INFO]:  KiCad Pcb Converter: Attribute name 'Datasheet' from line 20642 need to be changed to 'DATASHEET'
[2026-07-15 11:47:09,010][INFO]:  KiCad Pcb Converter: Attribute name 'Description' from line 20655 need to be changed to 'DESCRIPTION'
[2026-07-15 11:47:09,011][INFO]:  KiCad Pcb Converter: Attribute name 'Datasheet' from line 20846 need to be changed to 'DATASHEET'
[2026-07-15 11:47:09,012][INFO]:  KiCad Pcb Converter: Attribute name 'Description' from line 20859 need to be changed to 'DESCRIPTION'
[2026-07-15 11:47:09,012][INFO]:  KiCad Pcb Converter: Attribute name 'Datasheet' from line 21050 need to be changed to 'DATASHEET'
[2026-07-15 11:47:09,012][INFO]:  KiCad Pcb Converter: Attribute name 'Description' from line 21063 need to be changed to 'DESCRIPTION'
[2026-07-15 11:47:09,013][INFO]:  KiCad Pcb Converter: Attribute name 'Datasheet' from line 21254 need to be changed to 'DATASHEET'
[2026-07-15 11:47:09,014][INFO]:  KiCad Pcb Converter: Attribute name 'Description' from line 21267 need to be changed to 'DESCRIPTION'
[2026-07-15 11:47:09,014][INFO]:  KiCad Pcb Converter: Attribute name 'Datasheet' from line 21459 need to be changed to 'DATASHEET'
[2026-07-15 11:47:09,015][INFO]:  KiCad Pcb Converter: Attribute name 'Description' from line 21473 need to be changed to 'DESCRIPTION'
[2026-07-15 11:47:09,015][INFO]:  KiCad Pcb Converter: Attribute name 'Datasheet' from line 21555 need to be changed to 'DATASHEET'
[2026-07-15 11:47:09,016][INFO]:  KiCad Pcb Converter: Attribute name 'Description' from line 21568 need to be changed to 'DESCRIPTION'
[2026-07-15 11:47:09,017][INFO]:  KiCad Pcb Converter: Attribute name 'Datasheet' from line 21759 need to be changed to 'DATASHEET'
[2026-07-15 11:47:09,017][INFO]:  KiCad Pcb Converter: Attribute name 'Description' from line 21772 need to be changed to 'DESCRIPTION'
[2026-07-15 11:47:09,018][INFO]:  KiCad Pcb Converter: Attribute name 'Datasheet' from line 21963 need to be changed to 'DATASHEET'
[2026-07-15 11:47:09,019][INFO]:  KiCad Pcb Converter: Attribute name 'Description' from line 21976 need to be changed to 'DESCRIPTION'
[2026-07-15 11:47:09,020][INFO]:  KiCad Pcb Converter: Attribute name 'Datasheet' from line 22167 need to be changed to 'DATASHEET'
[2026-07-15 11:47:09,020][INFO]:  KiCad Pcb Converter: Attribute name 'Description' from line 22180 need to be changed to 'DESCRIPTION'
[2026-07-15 11:47:09,020][INFO]:  KiCad Pcb Converter: Attribute name 'Datasheet' from line 22371 need to be changed to 'DATASHEET'
[2026-07-15 11:47:09,021][INFO]:  KiCad Pcb Converter: Attribute name 'Description' from line 22384 need to be changed to 'DESCRIPTION'
[2026-07-15 11:47:09,022][INFO]:  KiCad Pcb Converter: Attribute name 'Datasheet' from line 22575 need to be changed to 'DATASHEET'
[2026-07-15 11:47:09,022][INFO]:  KiCad Pcb Converter: Attribute name 'Description' from line 22588 need to be changed to 'DESCRIPTION'
[2026-07-15 11:47:09,023][INFO]:  KiCad Pcb Converter: Attribute name 'Datasheet' from line 22779 need to be changed to 'DATASHEET'
[2026-07-15 11:47:09,023][INFO]:  KiCad Pcb Converter: Attribute name 'Description' from line 22792 need to be changed to 'DESCRIPTION'
[2026-07-15 11:47:09,024][INFO]:  KiCad Pcb Converter: Attribute name 'Datasheet' from line 22983 need to be changed to 'DATASHEET'
[2026-07-15 11:47:09,024][INFO]:  KiCad Pcb Converter: Attribute name 'Description' from line 22996 need to be changed to 'DESCRIPTION'
[2026-07-15 11:47:09,026][INFO]:  KiCad Pcb Converter: Attribute name 'Datasheet' from line 23188 need to be changed to 'DATASHEET'
[2026-07-15 11:47:09,026][INFO]:  KiCad Pcb Converter: Attribute name 'Description' from line 23201 need to be changed to 'DESCRIPTION'
[2026-07-15 11:47:09,027][INFO]:  KiCad Pcb Converter: Attribute name 'Datasheet' from line 23392 need to be changed to 'DATASHEET'
[2026-07-15 11:47:09,027][INFO]:  KiCad Pcb Converter: Attribute name 'Description' from line 23405 need to be changed to 'DESCRIPTION'
[2026-07-15 11:47:09,028][INFO]:  KiCad Pcb Converter: Attribute name 'Datasheet' from line 23596 need to be changed to 'DATASHEET'
[2026-07-15 11:47:09,029][INFO]:  KiCad Pcb Converter: Attribute name 'Description' from line 23609 need to be changed to 'DESCRIPTION'
[2026-07-15 11:47:09,030][INFO]:  KiCad Pcb Converter: Attribute name 'Datasheet' from line 23803 need to be changed to 'DATASHEET'
[2026-07-15 11:47:09,030][INFO]:  KiCad Pcb Converter: Attribute name 'Description' from line 23817 need to be changed to 'DESCRIPTION'
[2026-07-15 11:47:09,031][INFO]:  KiCad Pcb Converter: Attribute name 'Datasheet' from line 23911 need to be changed to 'DATASHEET'
[2026-07-15 11:47:09,032][INFO]:  KiCad Pcb Converter: Attribute name 'Description' from line 23924 need to be changed to 'DESCRIPTION'
[2026-07-15 11:47:09,032][INFO]:  KiCad Pcb Converter: Attribute name 'Datasheet' from line 24115 need to be changed to 'DATASHEET'
[2026-07-15 11:47:09,033][INFO]:  KiCad Pcb Converter: Attribute name 'Description' from line 24128 need to be changed to 'DESCRIPTION'
[2026-07-15 11:47:09,034][INFO]:  KiCad Pcb Converter: Attribute name 'Datasheet' from line 24319 need to be changed to 'DATASHEET'
[2026-07-15 11:47:09,034][INFO]:  KiCad Pcb Converter: Attribute name 'Description' from line 24332 need to be changed to 'DESCRIPTION'
[2026-07-15 11:47:09,035][INFO]:  KiCad Pcb Converter: Attribute name 'Datasheet' from line 24523 need to be changed to 'DATASHEET'
[2026-07-15 11:47:09,035][INFO]:  KiCad Pcb Converter: Attribute name 'Description' from line 24536 need to be changed to 'DESCRIPTION'
[2026-07-15 11:47:09,036][INFO]:  KiCad Pcb Converter: Attribute name 'Datasheet' from line 24727 need to be changed to 'DATASHEET'
[2026-07-15 11:47:09,036][INFO]:  KiCad Pcb Converter: Attribute name 'Description' from line 24740 need to be changed to 'DESCRIPTION'
[2026-07-15 11:47:09,038][INFO]:  KiCad Pcb Converter: Attribute name 'Datasheet' from line 24931 need to be changed to 'DATASHEET'
[2026-07-15 11:47:09,038][INFO]:  KiCad Pcb Converter: Attribute name 'Description' from line 24944 need to be changed to 'DESCRIPTION'
[2026-07-15 11:47:09,040][INFO]:  KiCad Pcb Converter: Attribute name 'Datasheet' from line 25135 need to be changed to 'DATASHEET'
[2026-07-15 11:47:09,040][INFO]:  KiCad Pcb Converter: Attribute name 'Description' from line 25148 need to be changed to 'DESCRIPTION'
[2026-07-15 11:47:09,041][INFO]:  KiCad Pcb Converter: Attribute name 'Datasheet' from line 25339 need to be changed to 'DATASHEET'
[2026-07-15 11:47:09,041][INFO]:  KiCad Pcb Converter: Attribute name 'Description' from line 25352 need to be changed to 'DESCRIPTION'
[2026-07-15 11:47:09,043][INFO]:  KiCad Pcb Converter: Attribute name 'Datasheet' from line 25543 need to be changed to 'DATASHEET'
[2026-07-15 11:47:09,043][INFO]:  KiCad Pcb Converter: Attribute name 'Description' from line 25556 need to be changed to 'DESCRIPTION'
[2026-07-15 11:47:09,046][INFO]:  KiCad Pcb Converter: Attribute name 'Datasheet' from line 26149 need to be changed to 'DATASHEET'
[2026-07-15 11:47:09,047][INFO]:  KiCad Pcb Converter: Attribute name 'Description' from line 26162 need to be changed to 'DESCRIPTION'
[2026-07-15 11:47:09,048][INFO]:  KiCad Pcb Converter: Attribute name 'Datasheet' from line 26353 need to be changed to 'DATASHEET'
[2026-07-15 11:47:09,048][INFO]:  KiCad Pcb Converter: Attribute name 'Description' from line 26366 need to be changed to 'DESCRIPTION'
[2026-07-15 11:47:09,048][INFO]:  KiCad Pcb Converter: Attribute name 'Datasheet' from line 26557 need to be changed to 'DATASHEET'
[2026-07-15 11:47:09,049][INFO]:  KiCad Pcb Converter: Attribute name 'Description' from line 26570 need to be changed to 'DESCRIPTION'
[2026-07-15 11:47:09,049][INFO]:  KiCad Pcb Converter: Attribute name 'Datasheet' from line 26761 need to be changed to 'DATASHEET'
[2026-07-15 11:47:09,050][INFO]:  KiCad Pcb Converter: Attribute name 'Description' from line 26774 need to be changed to 'DESCRIPTION'
[2026-07-15 11:47:09,051][INFO]:  KiCad Pcb Converter: Attribute name 'Datasheet' from line 26965 need to be changed to 'DATASHEET'
[2026-07-15 11:47:09,051][INFO]:  KiCad Pcb Converter: Attribute name 'Description' from line 26978 need to be changed to 'DESCRIPTION'
[2026-07-15 11:47:09,052][INFO]:  KiCad Pcb Converter: Attribute name 'Datasheet' from line 27169 need to be changed to 'DATASHEET'
[2026-07-15 11:47:09,052][INFO]:  KiCad Pcb Converter: Attribute name 'Description' from line 27182 need to be changed to 'DESCRIPTION'
[2026-07-15 11:47:09,053][INFO]:  KiCad Pcb Converter: Attribute name 'Datasheet' from line 27373 need to be changed to 'DATASHEET'
[2026-07-15 11:47:09,053][INFO]:  KiCad Pcb Converter: Attribute name 'Description' from line 27386 need to be changed to 'DESCRIPTION'
[2026-07-15 11:47:09,054][INFO]:  KiCad Pcb Converter: Attribute name 'Datasheet' from line 27577 need to be changed to 'DATASHEET'
[2026-07-15 11:47:09,055][INFO]:  KiCad Pcb Converter: Attribute name 'Description' from line 27590 need to be changed to 'DESCRIPTION'
[2026-07-15 11:47:09,271][INFO]:  Finished processing document: 'D:/mCraft_compass/KiCAD/new_ledMatrix/new_ledMatrix.kicad_pcb'
[2026-07-15 11:47:09,271][INFO]:  Reading document: new_ledMatrix.kicad_sch
[2026-07-15 11:47:09,277][INFO]:  Converting document: 'D:/mCraft_compass/KiCAD/new_ledMatrix/new_ledMatrix.kicad_sch'
[2026-07-15 11:47:09,278][INFO]:  KiCad Symbol Converter: Converting KiCad symbol: 'Connector:TestPoint'
[2026-07-15 11:47:09,280][INFO]:  KiCad Symbol Converter: Generating DeviceSet: 'TestPoint'
[2026-07-15 11:47:09,285][INFO]:  KiCad Symbol Converter: Generating DeviceSet: 'TESTPOINT' finished successfully
[2026-07-15 11:47:09,285][INFO]:  KiCad Symbol Converter: Converting KiCad symbol: 'Connector:TestPoint' finished successfully
[2026-07-15 11:47:09,285][INFO]:  KiCad Symbol Converter: Converting KiCad symbol: 'Device:C'
[2026-07-15 11:47:09,285][INFO]:  KiCad Symbol Converter: Generating DeviceSet: 'C'
[2026-07-15 11:47:09,286][INFO]:  KiCad Symbol Converter: Symbol pin '~' at line '218' was renamed to '~@1' because of name duplication
[2026-07-15 11:47:09,286][INFO]:  KiCad Symbol Converter: Symbol pin '~' at line '236' was renamed to '~@2' because of name duplication
[2026-07-15 11:47:09,286][INFO]:  KiCad Symbol Converter: Generating DeviceSet: 'C' finished successfully
[2026-07-15 11:47:09,286][INFO]:  KiCad Symbol Converter: Converting KiCad symbol: 'Device:C' finished successfully
[2026-07-15 11:47:09,286][INFO]:  KiCad Symbol Converter: Converting KiCad symbol: 'Device:R'
[2026-07-15 11:47:09,286][INFO]:  KiCad Symbol Converter: Generating DeviceSet: 'R'
[2026-07-15 11:47:09,286][INFO]:  KiCad Symbol Converter: Symbol pin '~' at line '342' was renamed to '~@1' because of name duplication
[2026-07-15 11:47:09,286][INFO]:  KiCad Symbol Converter: Symbol pin '~' at line '360' was renamed to '~@2' because of name duplication
[2026-07-15 11:47:09,286][INFO]:  KiCad Symbol Converter: Generating DeviceSet: 'R' finished successfully
[2026-07-15 11:47:09,286][INFO]:  KiCad Symbol Converter: Converting KiCad symbol: 'Device:R' finished successfully
[2026-07-15 11:47:09,286][INFO]:  KiCad Symbol Converter: Converting KiCad symbol: 'My_Custom_Symbols:WS2812B-Mini'
[2026-07-15 11:47:09,286][INFO]:  KiCad Symbol Converter: Generating DeviceSet: 'WS2812B-Mini'
[2026-07-15 11:47:09,287][INFO]:  KiCad Symbol Converter: Generating DeviceSet: 'WS2812B-MINI' finished successfully
[2026-07-15 11:47:09,287][INFO]:  KiCad Symbol Converter: Converting KiCad symbol: 'My_Custom_Symbols:WS2812B-Mini' finished successfully
[2026-07-15 11:47:09,287][INFO]:  KiCad Symbol Converter: Converting KiCad symbol: 'power:+5V'
[2026-07-15 11:47:09,287][INFO]:  KiCad Symbol Converter: Generating DeviceSet: '+5V'
[2026-07-15 11:47:09,288][INFO]:  KiCad Symbol Converter: Generating DeviceSet: '+5V' finished successfully
[2026-07-15 11:47:09,288][INFO]:  KiCad Symbol Converter: Converting KiCad symbol: 'power:+5V' finished successfully
[2026-07-15 11:47:09,288][INFO]:  KiCad Symbol Converter: Converting KiCad symbol: 'power:GND'
[2026-07-15 11:47:09,288][INFO]:  KiCad Symbol Converter: Generating DeviceSet: 'GND'
[2026-07-15 11:47:09,288][INFO]:  KiCad Symbol Converter: Generating DeviceSet: 'GND' finished successfully
[2026-07-15 11:47:09,288][INFO]:  KiCad Symbol Converter: Converting KiCad symbol: 'power:GND' finished successfully
[2026-07-15 11:47:09,288][INFO]:  Converted 6 schematic symbols
[2026-07-15 11:47:09,362][INFO]:  KiCad Schematic Converter: Attribute name 'Footprint' from line 6753 need to be changed to 'FOOTPRINT'
[2026-07-15 11:47:09,362][INFO]:  KiCad Schematic Converter: Attribute name 'Datasheet' from line 6763 need to be changed to 'DATASHEET'
[2026-07-15 11:47:09,362][INFO]:  KiCad Schematic Converter: Attribute name 'Description' from line 6773 need to be changed to 'DESCRIPTION'
[2026-07-15 11:47:09,363][INFO]:  KiCad Schematic Converter: Attribute name 'Footprint' from line 6829 need to be changed to 'FOOTPRINT'
[2026-07-15 11:47:09,364][INFO]:  KiCad Schematic Converter: Attribute name 'Datasheet' from line 6839 need to be changed to 'DATASHEET'
[2026-07-15 11:47:09,364][INFO]:  KiCad Schematic Converter: Attribute name 'Description' from line 6849 need to be changed to 'DESCRIPTION'
[2026-07-15 11:47:09,364][INFO]:  KiCad Schematic Converter: Attribute name 'Footprint' from line 6906 need to be changed to 'FOOTPRINT'
[2026-07-15 11:47:09,364][INFO]:  KiCad Schematic Converter: Attribute name 'Datasheet' from line 6915 need to be changed to 'DATASHEET'
[2026-07-15 11:47:09,364][INFO]:  KiCad Schematic Converter: Attribute name 'Description' from line 6924 need to be changed to 'DESCRIPTION'
[2026-07-15 11:47:09,365][INFO]:  KiCad Schematic Converter: Attribute name 'Footprint' from line 6975 need to be changed to 'FOOTPRINT'
[2026-07-15 11:47:09,365][INFO]:  KiCad Schematic Converter: Attribute name 'Datasheet' from line 6984 need to be changed to 'DATASHEET'
[2026-07-15 11:47:09,365][INFO]:  KiCad Schematic Converter: Attribute name 'Description' from line 6993 need to be changed to 'DESCRIPTION'
[2026-07-15 11:47:09,365][INFO]:  KiCad Schematic Converter: Attribute name 'Footprint' from line 7043 need to be changed to 'FOOTPRINT'
[2026-07-15 11:47:09,365][INFO]:  KiCad Schematic Converter: Attribute name 'Datasheet' from line 7053 need to be changed to 'DATASHEET'
[2026-07-15 11:47:09,365][INFO]:  KiCad Schematic Converter: Attribute name 'Description' from line 7063 need to be changed to 'DESCRIPTION'
[2026-07-15 11:47:09,366][INFO]:  KiCad Schematic Converter: Attribute name 'Footprint' from line 7120 need to be changed to 'FOOTPRINT'
[2026-07-15 11:47:09,366][INFO]:  KiCad Schematic Converter: Attribute name 'Datasheet' from line 7129 need to be changed to 'DATASHEET'
[2026-07-15 11:47:09,366][INFO]:  KiCad Schematic Converter: Attribute name 'Description' from line 7138 need to be changed to 'DESCRIPTION'
[2026-07-15 11:47:09,366][INFO]:  KiCad Schematic Converter: Attribute name 'Footprint' from line 7188 need to be changed to 'FOOTPRINT'
[2026-07-15 11:47:09,367][INFO]:  KiCad Schematic Converter: Attribute name 'Datasheet' from line 7198 need to be changed to 'DATASHEET'
[2026-07-15 11:47:09,367][INFO]:  KiCad Schematic Converter: Attribute name 'Description' from line 7208 need to be changed to 'DESCRIPTION'
[2026-07-15 11:47:09,367][INFO]:  KiCad Schematic Converter: Attribute name 'Footprint' from line 7264 need to be changed to 'FOOTPRINT'
[2026-07-15 11:47:09,367][INFO]:  KiCad Schematic Converter: Attribute name 'Datasheet' from line 7274 need to be changed to 'DATASHEET'
[2026-07-15 11:47:09,367][INFO]:  KiCad Schematic Converter: Attribute name 'Description' from line 7284 need to be changed to 'DESCRIPTION'
[2026-07-15 11:47:09,367][INFO]:  KiCad Schematic Converter: Attribute name 'Footprint' from line 7341 need to be changed to 'FOOTPRINT'
[2026-07-15 11:47:09,369][INFO]:  KiCad Schematic Converter: Attribute name 'Datasheet' from line 7350 need to be changed to 'DATASHEET'
[2026-07-15 11:47:09,369][INFO]:  KiCad Schematic Converter: Attribute name 'Description' from line 7359 need to be changed to 'DESCRIPTION'
[2026-07-15 11:47:09,369][INFO]:  KiCad Schematic Converter: Attribute name 'Footprint' from line 7409 need to be changed to 'FOOTPRINT'
[2026-07-15 11:47:09,369][INFO]:  KiCad Schematic Converter: Attribute name 'Datasheet' from line 7419 need to be changed to 'DATASHEET'
[2026-07-15 11:47:09,369][INFO]:  KiCad Schematic Converter: Attribute name 'Description' from line 7429 need to be changed to 'DESCRIPTION'
[2026-07-15 11:47:09,370][INFO]:  KiCad Schematic Converter: Attribute name 'Footprint' from line 7486 need to be changed to 'FOOTPRINT'
[2026-07-15 11:47:09,370][INFO]:  KiCad Schematic Converter: Attribute name 'Datasheet' from line 7495 need to be changed to 'DATASHEET'
[2026-07-15 11:47:09,370][INFO]:  KiCad Schematic Converter: Attribute name 'Description' from line 7504 need to be changed to 'DESCRIPTION'
[2026-07-15 11:47:09,370][INFO]:  KiCad Schematic Converter: Attribute name 'Footprint' from line 7555 need to be changed to 'FOOTPRINT'
[2026-07-15 11:47:09,370][INFO]:  KiCad Schematic Converter: Attribute name 'Datasheet' from line 7564 need to be changed to 'DATASHEET'
[2026-07-15 11:47:09,370][INFO]:  KiCad Schematic Converter: Attribute name 'Description' from line 7573 need to be changed to 'DESCRIPTION'
[2026-07-15 11:47:09,371][INFO]:  KiCad Schematic Converter: Attribute name 'Footprint' from line 7624 need to be changed to 'FOOTPRINT'
[2026-07-15 11:47:09,371][INFO]:  KiCad Schematic Converter: Attribute name 'Datasheet' from line 7633 need to be changed to 'DATASHEET'
[2026-07-15 11:47:09,371][INFO]:  KiCad Schematic Converter: Attribute name 'Description' from line 7642 need to be changed to 'DESCRIPTION'
[2026-07-15 11:47:09,371][INFO]:  KiCad Schematic Converter: Attribute name 'Footprint' from line 7692 need to be changed to 'FOOTPRINT'
[2026-07-15 11:47:09,372][INFO]:  KiCad Schematic Converter: Attribute name 'Datasheet' from line 7702 need to be changed to 'DATASHEET'
[2026-07-15 11:47:09,372][INFO]:  KiCad Schematic Converter: Attribute name 'Description' from line 7712 need to be changed to 'DESCRIPTION'
[2026-07-15 11:47:09,372][INFO]:  KiCad Schematic Converter: Attribute name 'Footprint' from line 7770 need to be changed to 'FOOTPRINT'
[2026-07-15 11:47:09,372][INFO]:  KiCad Schematic Converter: Attribute name 'Datasheet' from line 7779 need to be changed to 'DATASHEET'
[2026-07-15 11:47:09,372][INFO]:  KiCad Schematic Converter: Attribute name 'Description' from line 7788 need to be changed to 'DESCRIPTION'
[2026-07-15 11:47:09,373][INFO]:  KiCad Schematic Converter: Attribute name 'Footprint' from line 7838 need to be changed to 'FOOTPRINT'
[2026-07-15 11:47:09,373][INFO]:  KiCad Schematic Converter: Attribute name 'Datasheet' from line 7848 need to be changed to 'DATASHEET'
[2026-07-15 11:47:09,373][INFO]:  KiCad Schematic Converter: Attribute name 'Description' from line 7858 need to be changed to 'DESCRIPTION'
[2026-07-15 11:47:09,374][INFO]:  KiCad Schematic Converter: Attribute name 'Footprint' from line 7914 need to be changed to 'FOOTPRINT'
[2026-07-15 11:47:09,374][INFO]:  KiCad Schematic Converter: Attribute name 'Datasheet' from line 7924 need to be changed to 'DATASHEET'
[2026-07-15 11:47:09,374][INFO]:  KiCad Schematic Converter: Attribute name 'Description' from line 7934 need to be changed to 'DESCRIPTION'
[2026-07-15 11:47:09,375][INFO]:  KiCad Schematic Converter: Attribute name 'Footprint' from line 7990 need to be changed to 'FOOTPRINT'
[2026-07-15 11:47:09,375][INFO]:  KiCad Schematic Converter: Attribute name 'Datasheet' from line 8000 need to be changed to 'DATASHEET'
[2026-07-15 11:47:09,375][INFO]:  KiCad Schematic Converter: Attribute name 'Description' from line 8010 need to be changed to 'DESCRIPTION'
[2026-07-15 11:47:09,376][INFO]:  KiCad Schematic Converter: Attribute name 'Footprint' from line 8066 need to be changed to 'FOOTPRINT'
[2026-07-15 11:47:09,376][INFO]:  KiCad Schematic Converter: Attribute name 'Datasheet' from line 8076 need to be changed to 'DATASHEET'
[2026-07-15 11:47:09,376][INFO]:  KiCad Schematic Converter: Attribute name 'Description' from line 8086 need to be changed to 'DESCRIPTION'
[2026-07-15 11:47:09,377][INFO]:  KiCad Schematic Converter: Attribute name 'Footprint' from line 8143 need to be changed to 'FOOTPRINT'
[2026-07-15 11:47:09,377][INFO]:  KiCad Schematic Converter: Attribute name 'Datasheet' from line 8152 need to be changed to 'DATASHEET'
[2026-07-15 11:47:09,377][INFO]:  KiCad Schematic Converter: Attribute name 'Description' from line 8161 need to be changed to 'DESCRIPTION'
[2026-07-15 11:47:09,377][INFO]:  KiCad Schematic Converter: Attribute name 'Footprint' from line 8211 need to be changed to 'FOOTPRINT'
[2026-07-15 11:47:09,377][INFO]:  KiCad Schematic Converter: Attribute name 'Datasheet' from line 8221 need to be changed to 'DATASHEET'
[2026-07-15 11:47:09,377][INFO]:  KiCad Schematic Converter: Attribute name 'Description' from line 8231 need to be changed to 'DESCRIPTION'
[2026-07-15 11:47:09,379][INFO]:  KiCad Schematic Converter: Attribute name 'Footprint' from line 8288 need to be changed to 'FOOTPRINT'
[2026-07-15 11:47:09,379][INFO]:  KiCad Schematic Converter: Attribute name 'Datasheet' from line 8297 need to be changed to 'DATASHEET'
[2026-07-15 11:47:09,379][INFO]:  KiCad Schematic Converter: Attribute name 'Description' from line 8306 need to be changed to 'DESCRIPTION'
[2026-07-15 11:47:09,379][INFO]:  KiCad Schematic Converter: Attribute name 'Footprint' from line 8357 need to be changed to 'FOOTPRINT'
[2026-07-15 11:47:09,379][INFO]:  KiCad Schematic Converter: Attribute name 'Datasheet' from line 8366 need to be changed to 'DATASHEET'
[2026-07-15 11:47:09,379][INFO]:  KiCad Schematic Converter: Attribute name 'Description' from line 8375 need to be changed to 'DESCRIPTION'
[2026-07-15 11:47:09,379][INFO]:  KiCad Schematic Converter: Attribute name 'Footprint' from line 8425 need to be changed to 'FOOTPRINT'
[2026-07-15 11:47:09,379][INFO]:  KiCad Schematic Converter: Attribute name 'Datasheet' from line 8435 need to be changed to 'DATASHEET'
[2026-07-15 11:47:09,379][INFO]:  KiCad Schematic Converter: Attribute name 'Description' from line 8445 need to be changed to 'DESCRIPTION'
[2026-07-15 11:47:09,380][INFO]:  KiCad Schematic Converter: Attribute name 'Footprint' from line 8502 need to be changed to 'FOOTPRINT'
[2026-07-15 11:47:09,380][INFO]:  KiCad Schematic Converter: Attribute name 'Datasheet' from line 8511 need to be changed to 'DATASHEET'
[2026-07-15 11:47:09,380][INFO]:  KiCad Schematic Converter: Attribute name 'Description' from line 8520 need to be changed to 'DESCRIPTION'
[2026-07-15 11:47:09,381][INFO]:  KiCad Schematic Converter: Attribute name 'Footprint' from line 8570 need to be changed to 'FOOTPRINT'
[2026-07-15 11:47:09,381][INFO]:  KiCad Schematic Converter: Attribute name 'Datasheet' from line 8580 need to be changed to 'DATASHEET'
[2026-07-15 11:47:09,381][INFO]:  KiCad Schematic Converter: Attribute name 'Description' from line 8590 need to be changed to 'DESCRIPTION'
[2026-07-15 11:47:09,381][INFO]:  KiCad Schematic Converter: Attribute name 'Footprint' from line 8647 need to be changed to 'FOOTPRINT'
[2026-07-15 11:47:09,381][INFO]:  KiCad Schematic Converter: Attribute name 'Datasheet' from line 8656 need to be changed to 'DATASHEET'
[2026-07-15 11:47:09,381][INFO]:  KiCad Schematic Converter: Attribute name 'Description' from line 8665 need to be changed to 'DESCRIPTION'
[2026-07-15 11:47:09,383][INFO]:  KiCad Schematic Converter: Attribute name 'Footprint' from line 8715 need to be changed to 'FOOTPRINT'
[2026-07-15 11:47:09,383][INFO]:  KiCad Schematic Converter: Attribute name 'Datasheet' from line 8725 need to be changed to 'DATASHEET'
[2026-07-15 11:47:09,383][INFO]:  KiCad Schematic Converter: Attribute name 'Description' from line 8735 need to be changed to 'DESCRIPTION'
[2026-07-15 11:47:09,383][INFO]:  KiCad Schematic Converter: Attribute name 'Footprint' from line 8792 need to be changed to 'FOOTPRINT'
[2026-07-15 11:47:09,383][INFO]:  KiCad Schematic Converter: Attribute name 'Datasheet' from line 8801 need to be changed to 'DATASHEET'
[2026-07-15 11:47:09,383][INFO]:  KiCad Schematic Converter: Attribute name 'Description' from line 8810 need to be changed to 'DESCRIPTION'
[2026-07-15 11:47:09,384][INFO]:  KiCad Schematic Converter: Attribute name 'Footprint' from line 8861 need to be changed to 'FOOTPRINT'
[2026-07-15 11:47:09,384][INFO]:  KiCad Schematic Converter: Attribute name 'Datasheet' from line 8870 need to be changed to 'DATASHEET'
[2026-07-15 11:47:09,384][INFO]:  KiCad Schematic Converter: Attribute name 'Description' from line 8879 need to be changed to 'DESCRIPTION'
[2026-07-15 11:47:09,384][INFO]:  KiCad Schematic Converter: Attribute name 'Footprint' from line 8930 need to be changed to 'FOOTPRINT'
[2026-07-15 11:47:09,385][INFO]:  KiCad Schematic Converter: Attribute name 'Datasheet' from line 8939 need to be changed to 'DATASHEET'
[2026-07-15 11:47:09,385][INFO]:  KiCad Schematic Converter: Attribute name 'Description' from line 8948 need to be changed to 'DESCRIPTION'
[2026-07-15 11:47:09,385][INFO]:  KiCad Schematic Converter: Attribute name 'Footprint' from line 8998 need to be changed to 'FOOTPRINT'
[2026-07-15 11:47:09,385][INFO]:  KiCad Schematic Converter: Attribute name 'Datasheet' from line 9008 need to be changed to 'DATASHEET'
[2026-07-15 11:47:09,385][INFO]:  KiCad Schematic Converter: Attribute name 'Description' from line 9018 need to be changed to 'DESCRIPTION'
[2026-07-15 11:47:09,386][INFO]:  KiCad Schematic Converter: Attribute name 'Footprint' from line 9075 need to be changed to 'FOOTPRINT'
[2026-07-15 11:47:09,386][INFO]:  KiCad Schematic Converter: Attribute name 'Datasheet' from line 9084 need to be changed to 'DATASHEET'
[2026-07-15 11:47:09,386][INFO]:  KiCad Schematic Converter: Attribute name 'Description' from line 9093 need to be changed to 'DESCRIPTION'
[2026-07-15 11:47:09,387][INFO]:  KiCad Schematic Converter: Attribute name 'Footprint' from line 9143 need to be changed to 'FOOTPRINT'
[2026-07-15 11:47:09,387][INFO]:  KiCad Schematic Converter: Attribute name 'Datasheet' from line 9153 need to be changed to 'DATASHEET'
[2026-07-15 11:47:09,387][INFO]:  KiCad Schematic Converter: Attribute name 'Description' from line 9163 need to be changed to 'DESCRIPTION'
[2026-07-15 11:47:09,387][INFO]:  KiCad Schematic Converter: Attribute name 'Footprint' from line 9219 need to be changed to 'FOOTPRINT'
[2026-07-15 11:47:09,387][INFO]:  KiCad Schematic Converter: Attribute name 'Datasheet' from line 9229 need to be changed to 'DATASHEET'
[2026-07-15 11:47:09,388][INFO]:  KiCad Schematic Converter: Attribute name 'Description' from line 9239 need to be changed to 'DESCRIPTION'
[2026-07-15 11:47:09,388][INFO]:  KiCad Schematic Converter: Attribute name 'Footprint' from line 9294 need to be changed to 'FOOTPRINT'
[2026-07-15 11:47:09,388][INFO]:  KiCad Schematic Converter: Attribute name 'Datasheet' from line 9303 need to be changed to 'DATASHEET'
[2026-07-15 11:47:09,388][INFO]:  KiCad Schematic Converter: Attribute name 'Description' from line 9312 need to be changed to 'DESCRIPTION'
[2026-07-15 11:47:09,389][INFO]:  KiCad Schematic Converter: Attribute name 'Footprint' from line 9360 need to be changed to 'FOOTPRINT'
[2026-07-15 11:47:09,389][INFO]:  KiCad Schematic Converter: Attribute name 'Datasheet' from line 9369 need to be changed to 'DATASHEET'
[2026-07-15 11:47:09,389][INFO]:  KiCad Schematic Converter: Attribute name 'Description' from line 9378 need to be changed to 'DESCRIPTION'
[2026-07-15 11:47:09,390][INFO]:  KiCad Schematic Converter: Attribute name 'Footprint' from line 9428 need to be changed to 'FOOTPRINT'
[2026-07-15 11:47:09,390][INFO]:  KiCad Schematic Converter: Attribute name 'Datasheet' from line 9438 need to be changed to 'DATASHEET'
[2026-07-15 11:47:09,390][INFO]:  KiCad Schematic Converter: Attribute name 'Description' from line 9448 need to be changed to 'DESCRIPTION'
[2026-07-15 11:47:09,390][INFO]:  KiCad Schematic Converter: Attribute name 'Footprint' from line 9505 need to be changed to 'FOOTPRINT'
[2026-07-15 11:47:09,390][INFO]:  KiCad Schematic Converter: Attribute name 'Datasheet' from line 9514 need to be changed to 'DATASHEET'
[2026-07-15 11:47:09,390][INFO]:  KiCad Schematic Converter: Attribute name 'Description' from line 9523 need to be changed to 'DESCRIPTION'
[2026-07-15 11:47:09,391][INFO]:  KiCad Schematic Converter: Attribute name 'Footprint' from line 9574 need to be changed to 'FOOTPRINT'
[2026-07-15 11:47:09,391][INFO]:  KiCad Schematic Converter: Attribute name 'Datasheet' from line 9583 need to be changed to 'DATASHEET'
[2026-07-15 11:47:09,391][INFO]:  KiCad Schematic Converter: Attribute name 'Description' from line 9592 need to be changed to 'DESCRIPTION'
[2026-07-15 11:47:09,392][INFO]:  KiCad Schematic Converter: Attribute name 'Footprint' from line 9642 need to be changed to 'FOOTPRINT'
[2026-07-15 11:47:09,392][INFO]:  KiCad Schematic Converter: Attribute name 'Datasheet' from line 9652 need to be changed to 'DATASHEET'
[2026-07-15 11:47:09,392][INFO]:  KiCad Schematic Converter: Attribute name 'Description' from line 9662 need to be changed to 'DESCRIPTION'
[2026-07-15 11:47:09,393][INFO]:  KiCad Schematic Converter: Attribute name 'Footprint' from line 9718 need to be changed to 'FOOTPRINT'
[2026-07-15 11:47:09,393][INFO]:  KiCad Schematic Converter: Attribute name 'Datasheet' from line 9728 need to be changed to 'DATASHEET'
[2026-07-15 11:47:09,393][INFO]:  KiCad Schematic Converter: Attribute name 'Description' from line 9738 need to be changed to 'DESCRIPTION'
[2026-07-15 11:47:09,393][INFO]:  KiCad Schematic Converter: Attribute name 'Footprint' from line 9793 need to be changed to 'FOOTPRINT'
[2026-07-15 11:47:09,394][INFO]:  KiCad Schematic Converter: Attribute name 'Datasheet' from line 9802 need to be changed to 'DATASHEET'
[2026-07-15 11:47:09,394][INFO]:  KiCad Schematic Converter: Attribute name 'Description' from line 9811 need to be changed to 'DESCRIPTION'
[2026-07-15 11:47:09,394][INFO]:  KiCad Schematic Converter: Attribute name 'Footprint' from line 9858 need to be changed to 'FOOTPRINT'
[2026-07-15 11:47:09,394][INFO]:  KiCad Schematic Converter: Attribute name 'Datasheet' from line 9868 need to be changed to 'DATASHEET'
[2026-07-15 11:47:09,394][INFO]:  KiCad Schematic Converter: Attribute name 'Description' from line 9878 need to be changed to 'DESCRIPTION'
[2026-07-15 11:47:09,395][INFO]:  KiCad Schematic Converter: Attribute name 'Footprint' from line 9934 need to be changed to 'FOOTPRINT'
[2026-07-15 11:47:09,395][INFO]:  KiCad Schematic Converter: Attribute name 'Datasheet' from line 9944 need to be changed to 'DATASHEET'
[2026-07-15 11:47:09,395][INFO]:  KiCad Schematic Converter: Attribute name 'Description' from line 9954 need to be changed to 'DESCRIPTION'
[2026-07-15 11:47:09,396][INFO]:  KiCad Schematic Converter: Attribute name 'Footprint' from line 10011 need to be changed to 'FOOTPRINT'
[2026-07-15 11:47:09,396][INFO]:  KiCad Schematic Converter: Attribute name 'Datasheet' from line 10020 need to be changed to 'DATASHEET'
[2026-07-15 11:47:09,396][INFO]:  KiCad Schematic Converter: Attribute name 'Description' from line 10029 need to be changed to 'DESCRIPTION'
[2026-07-15 11:47:09,397][INFO]:  KiCad Schematic Converter: Attribute name 'Footprint' from line 10080 need to be changed to 'FOOTPRINT'
[2026-07-15 11:47:09,397][INFO]:  KiCad Schematic Converter: Attribute name 'Datasheet' from line 10089 need to be changed to 'DATASHEET'
[2026-07-15 11:47:09,397][INFO]:  KiCad Schematic Converter: Attribute name 'Description' from line 10098 need to be changed to 'DESCRIPTION'
[2026-07-15 11:47:09,397][INFO]:  KiCad Schematic Converter: Attribute name 'Footprint' from line 10148 need to be changed to 'FOOTPRINT'
[2026-07-15 11:47:09,397][INFO]:  KiCad Schematic Converter: Attribute name 'Datasheet' from line 10158 need to be changed to 'DATASHEET'
[2026-07-15 11:47:09,397][INFO]:  KiCad Schematic Converter: Attribute name 'Description' from line 10168 need to be changed to 'DESCRIPTION'
[2026-07-15 11:47:09,399][INFO]:  KiCad Schematic Converter: Attribute name 'Footprint' from line 10225 need to be changed to 'FOOTPRINT'
[2026-07-15 11:47:09,399][INFO]:  KiCad Schematic Converter: Attribute name 'Datasheet' from line 10234 need to be changed to 'DATASHEET'
[2026-07-15 11:47:09,399][INFO]:  KiCad Schematic Converter: Attribute name 'Description' from line 10243 need to be changed to 'DESCRIPTION'
[2026-07-15 11:47:09,399][INFO]:  KiCad Schematic Converter: Attribute name 'Footprint' from line 10294 need to be changed to 'FOOTPRINT'
[2026-07-15 11:47:09,399][INFO]:  KiCad Schematic Converter: Attribute name 'Datasheet' from line 10303 need to be changed to 'DATASHEET'
[2026-07-15 11:47:09,399][INFO]:  KiCad Schematic Converter: Attribute name 'Description' from line 10312 need to be changed to 'DESCRIPTION'
[2026-07-15 11:47:09,399][INFO]:  KiCad Schematic Converter: Attribute name 'Footprint' from line 10363 need to be changed to 'FOOTPRINT'
[2026-07-15 11:47:09,399][INFO]:  KiCad Schematic Converter: Attribute name 'Datasheet' from line 10372 need to be changed to 'DATASHEET'
[2026-07-15 11:47:09,399][INFO]:  KiCad Schematic Converter: Attribute name 'Description' from line 10381 need to be changed to 'DESCRIPTION'
[2026-07-15 11:47:09,400][INFO]:  KiCad Schematic Converter: Attribute name 'Footprint' from line 10431 need to be changed to 'FOOTPRINT'
[2026-07-15 11:47:09,400][INFO]:  KiCad Schematic Converter: Attribute name 'Datasheet' from line 10441 need to be changed to 'DATASHEET'
[2026-07-15 11:47:09,400][INFO]:  KiCad Schematic Converter: Attribute name 'Description' from line 10451 need to be changed to 'DESCRIPTION'
[2026-07-15 11:47:09,401][INFO]:  KiCad Schematic Converter: Attribute name 'Footprint' from line 10507 need to be changed to 'FOOTPRINT'
[2026-07-15 11:47:09,401][INFO]:  KiCad Schematic Converter: Attribute name 'Datasheet' from line 10517 need to be changed to 'DATASHEET'
[2026-07-15 11:47:09,401][INFO]:  KiCad Schematic Converter: Attribute name 'Description' from line 10527 need to be changed to 'DESCRIPTION'
[2026-07-15 11:47:09,401][INFO]:  KiCad Schematic Converter: Attribute name 'Footprint' from line 10583 need to be changed to 'FOOTPRINT'
[2026-07-15 11:47:09,401][INFO]:  KiCad Schematic Converter: Attribute name 'Datasheet' from line 10593 need to be changed to 'DATASHEET'
[2026-07-15 11:47:09,401][INFO]:  KiCad Schematic Converter: Attribute name 'Description' from line 10603 need to be changed to 'DESCRIPTION'
[2026-07-15 11:47:09,403][INFO]:  KiCad Schematic Converter: Attribute name 'Footprint' from line 10660 need to be changed to 'FOOTPRINT'
[2026-07-15 11:47:09,403][INFO]:  KiCad Schematic Converter: Attribute name 'Datasheet' from line 10669 need to be changed to 'DATASHEET'
[2026-07-15 11:47:09,403][INFO]:  KiCad Schematic Converter: Attribute name 'Description' from line 10678 need to be changed to 'DESCRIPTION'
[2026-07-15 11:47:09,404][INFO]:  KiCad Schematic Converter: Attribute name 'Footprint' from line 10728 need to be changed to 'FOOTPRINT'
[2026-07-15 11:47:09,404][INFO]:  KiCad Schematic Converter: Attribute name 'Datasheet' from line 10738 need to be changed to 'DATASHEET'
[2026-07-15 11:47:09,404][INFO]:  KiCad Schematic Converter: Attribute name 'Description' from line 10748 need to be changed to 'DESCRIPTION'
[2026-07-15 11:47:09,405][INFO]:  KiCad Schematic Converter: Attribute name 'Footprint' from line 10805 need to be changed to 'FOOTPRINT'
[2026-07-15 11:47:09,405][INFO]:  KiCad Schematic Converter: Attribute name 'Datasheet' from line 10814 need to be changed to 'DATASHEET'
[2026-07-15 11:47:09,405][INFO]:  KiCad Schematic Converter: Attribute name 'Description' from line 10823 need to be changed to 'DESCRIPTION'
[2026-07-15 11:47:09,405][INFO]:  KiCad Schematic Converter: Attribute name 'Footprint' from line 10874 need to be changed to 'FOOTPRINT'
[2026-07-15 11:47:09,405][INFO]:  KiCad Schematic Converter: Attribute name 'Datasheet' from line 10883 need to be changed to 'DATASHEET'
[2026-07-15 11:47:09,405][INFO]:  KiCad Schematic Converter: Attribute name 'Description' from line 10892 need to be changed to 'DESCRIPTION'
[2026-07-15 11:47:09,406][INFO]:  KiCad Schematic Converter: Attribute name 'Footprint' from line 10942 need to be changed to 'FOOTPRINT'
[2026-07-15 11:47:09,406][INFO]:  KiCad Schematic Converter: Attribute name 'Datasheet' from line 10952 need to be changed to 'DATASHEET'
[2026-07-15 11:47:09,406][INFO]:  KiCad Schematic Converter: Attribute name 'Description' from line 10962 need to be changed to 'DESCRIPTION'
[2026-07-15 11:47:09,407][INFO]:  KiCad Schematic Converter: Attribute name 'Footprint' from line 11019 need to be changed to 'FOOTPRINT'
[2026-07-15 11:47:09,407][INFO]:  KiCad Schematic Converter: Attribute name 'Datasheet' from line 11028 need to be changed to 'DATASHEET'
[2026-07-15 11:47:09,407][INFO]:  KiCad Schematic Converter: Attribute name 'Description' from line 11037 need to be changed to 'DESCRIPTION'
[2026-07-15 11:47:09,407][INFO]:  KiCad Schematic Converter: Attribute name 'Footprint' from line 11087 need to be changed to 'FOOTPRINT'
[2026-07-15 11:47:09,407][INFO]:  KiCad Schematic Converter: Attribute name 'Datasheet' from line 11097 need to be changed to 'DATASHEET'
[2026-07-15 11:47:09,407][INFO]:  KiCad Schematic Converter: Attribute name 'Description' from line 11107 need to be changed to 'DESCRIPTION'
[2026-07-15 11:47:09,408][INFO]:  KiCad Schematic Converter: Attribute name 'Footprint' from line 11163 need to be changed to 'FOOTPRINT'
[2026-07-15 11:47:09,408][INFO]:  KiCad Schematic Converter: Attribute name 'Datasheet' from line 11173 need to be changed to 'DATASHEET'
[2026-07-15 11:47:09,408][INFO]:  KiCad Schematic Converter: Attribute name 'Description' from line 11183 need to be changed to 'DESCRIPTION'
[2026-07-15 11:47:09,410][INFO]:  KiCad Schematic Converter: Attribute name 'Footprint' from line 11239 need to be changed to 'FOOTPRINT'
[2026-07-15 11:47:09,410][INFO]:  KiCad Schematic Converter: Attribute name 'Datasheet' from line 11249 need to be changed to 'DATASHEET'
[2026-07-15 11:47:09,410][INFO]:  KiCad Schematic Converter: Attribute name 'Description' from line 11259 need to be changed to 'DESCRIPTION'
[2026-07-15 11:47:09,411][INFO]:  KiCad Schematic Converter: Attribute name 'Footprint' from line 11316 need to be changed to 'FOOTPRINT'
[2026-07-15 11:47:09,411][INFO]:  KiCad Schematic Converter: Attribute name 'Datasheet' from line 11325 need to be changed to 'DATASHEET'
[2026-07-15 11:47:09,411][INFO]:  KiCad Schematic Converter: Attribute name 'Description' from line 11334 need to be changed to 'DESCRIPTION'
[2026-07-15 11:47:09,412][INFO]:  KiCad Schematic Converter: Attribute name 'Footprint' from line 11384 need to be changed to 'FOOTPRINT'
[2026-07-15 11:47:09,412][INFO]:  KiCad Schematic Converter: Attribute name 'Datasheet' from line 11394 need to be changed to 'DATASHEET'
[2026-07-15 11:47:09,412][INFO]:  KiCad Schematic Converter: Attribute name 'Description' from line 11404 need to be changed to 'DESCRIPTION'
[2026-07-15 11:47:09,413][INFO]:  KiCad Schematic Converter: Attribute name 'Footprint' from line 11460 need to be changed to 'FOOTPRINT'
[2026-07-15 11:47:09,413][INFO]:  KiCad Schematic Converter: Attribute name 'Datasheet' from line 11470 need to be changed to 'DATASHEET'
[2026-07-15 11:47:09,413][INFO]:  KiCad Schematic Converter: Attribute name 'Description' from line 11480 need to be changed to 'DESCRIPTION'
[2026-07-15 11:47:09,413][INFO]:  KiCad Schematic Converter: Attribute name 'Footprint' from line 11537 need to be changed to 'FOOTPRINT'
[2026-07-15 11:47:09,414][INFO]:  KiCad Schematic Converter: Attribute name 'Datasheet' from line 11546 need to be changed to 'DATASHEET'
[2026-07-15 11:47:09,414][INFO]:  KiCad Schematic Converter: Attribute name 'Description' from line 11555 need to be changed to 'DESCRIPTION'
[2026-07-15 11:47:09,414][INFO]:  KiCad Schematic Converter: Attribute name 'Footprint' from line 11605 need to be changed to 'FOOTPRINT'
[2026-07-15 11:47:09,414][INFO]:  KiCad Schematic Converter: Attribute name 'Datasheet' from line 11614 need to be changed to 'DATASHEET'
[2026-07-15 11:47:09,414][INFO]:  KiCad Schematic Converter: Attribute name 'Description' from line 11623 need to be changed to 'DESCRIPTION'
[2026-07-15 11:47:09,415][INFO]:  KiCad Schematic Converter: Attribute name 'Footprint' from line 11674 need to be changed to 'FOOTPRINT'
[2026-07-15 11:47:09,415][INFO]:  KiCad Schematic Converter: Attribute name 'Datasheet' from line 11683 need to be changed to 'DATASHEET'
[2026-07-15 11:47:09,415][INFO]:  KiCad Schematic Converter: Attribute name 'Description' from line 11692 need to be changed to 'DESCRIPTION'
[2026-07-15 11:47:09,415][INFO]:  KiCad Schematic Converter: Attribute name 'Footprint' from line 11743 need to be changed to 'FOOTPRINT'
[2026-07-15 11:47:09,416][INFO]:  KiCad Schematic Converter: Attribute name 'Datasheet' from line 11752 need to be changed to 'DATASHEET'
[2026-07-15 11:47:09,416][INFO]:  KiCad Schematic Converter: Attribute name 'Description' from line 11761 need to be changed to 'DESCRIPTION'
[2026-07-15 11:47:09,416][INFO]:  KiCad Schematic Converter: Attribute name 'Footprint' from line 11811 need to be changed to 'FOOTPRINT'
[2026-07-15 11:47:09,416][INFO]:  KiCad Schematic Converter: Attribute name 'Datasheet' from line 11821 need to be changed to 'DATASHEET'
[2026-07-15 11:47:09,416][INFO]:  KiCad Schematic Converter: Attribute name 'Description' from line 11831 need to be changed to 'DESCRIPTION'
[2026-07-15 11:47:09,417][INFO]:  KiCad Schematic Converter: Attribute name 'Footprint' from line 11887 need to be changed to 'FOOTPRINT'
[2026-07-15 11:47:09,417][INFO]:  KiCad Schematic Converter: Attribute name 'Datasheet' from line 11897 need to be changed to 'DATASHEET'
[2026-07-15 11:47:09,417][INFO]:  KiCad Schematic Converter: Attribute name 'Description' from line 11907 need to be changed to 'DESCRIPTION'
[2026-07-15 11:47:09,418][INFO]:  KiCad Schematic Converter: Attribute name 'Footprint' from line 11964 need to be changed to 'FOOTPRINT'
[2026-07-15 11:47:09,418][INFO]:  KiCad Schematic Converter: Attribute name 'Datasheet' from line 11973 need to be changed to 'DATASHEET'
[2026-07-15 11:47:09,418][INFO]:  KiCad Schematic Converter: Attribute name 'Description' from line 11982 need to be changed to 'DESCRIPTION'
[2026-07-15 11:47:09,419][INFO]:  KiCad Schematic Converter: Attribute name 'Footprint' from line 12031 need to be changed to 'FOOTPRINT'
[2026-07-15 11:47:09,419][INFO]:  KiCad Schematic Converter: Attribute name 'Datasheet' from line 12040 need to be changed to 'DATASHEET'
[2026-07-15 11:47:09,419][INFO]:  KiCad Schematic Converter: Attribute name 'Description' from line 12049 need to be changed to 'DESCRIPTION'
[2026-07-15 11:47:09,419][INFO]:  KiCad Schematic Converter: Attribute name 'Footprint' from line 12096 need to be changed to 'FOOTPRINT'
[2026-07-15 11:47:09,419][INFO]:  KiCad Schematic Converter: Attribute name 'Datasheet' from line 12106 need to be changed to 'DATASHEET'
[2026-07-15 11:47:09,419][INFO]:  KiCad Schematic Converter: Attribute name 'Description' from line 12116 need to be changed to 'DESCRIPTION'
[2026-07-15 11:47:09,420][INFO]:  KiCad Schematic Converter: Attribute name 'Footprint' from line 12172 need to be changed to 'FOOTPRINT'
[2026-07-15 11:47:09,420][INFO]:  KiCad Schematic Converter: Attribute name 'Datasheet' from line 12182 need to be changed to 'DATASHEET'
[2026-07-15 11:47:09,420][INFO]:  KiCad Schematic Converter: Attribute name 'Description' from line 12192 need to be changed to 'DESCRIPTION'
[2026-07-15 11:47:09,421][INFO]:  KiCad Schematic Converter: Attribute name 'Footprint' from line 12249 need to be changed to 'FOOTPRINT'
[2026-07-15 11:47:09,421][INFO]:  KiCad Schematic Converter: Attribute name 'Datasheet' from line 12258 need to be changed to 'DATASHEET'
[2026-07-15 11:47:09,421][INFO]:  KiCad Schematic Converter: Attribute name 'Description' from line 12267 need to be changed to 'DESCRIPTION'
[2026-07-15 11:47:09,421][INFO]:  KiCad Schematic Converter: Attribute name 'Footprint' from line 12317 need to be changed to 'FOOTPRINT'
[2026-07-15 11:47:09,421][INFO]:  KiCad Schematic Converter: Attribute name 'Datasheet' from line 12327 need to be changed to 'DATASHEET'
[2026-07-15 11:47:09,421][INFO]:  KiCad Schematic Converter: Attribute name 'Description' from line 12337 need to be changed to 'DESCRIPTION'
[2026-07-15 11:47:09,422][INFO]:  KiCad Schematic Converter: Attribute name 'Footprint' from line 12394 need to be changed to 'FOOTPRINT'
[2026-07-15 11:47:09,422][INFO]:  KiCad Schematic Converter: Attribute name 'Datasheet' from line 12403 need to be changed to 'DATASHEET'
[2026-07-15 11:47:09,422][INFO]:  KiCad Schematic Converter: Attribute name 'Description' from line 12412 need to be changed to 'DESCRIPTION'
[2026-07-15 11:47:09,424][INFO]:  KiCad Schematic Converter: Attribute name 'Footprint' from line 12462 need to be changed to 'FOOTPRINT'
[2026-07-15 11:47:09,425][INFO]:  KiCad Schematic Converter: Attribute name 'Datasheet' from line 12472 need to be changed to 'DATASHEET'
[2026-07-15 11:47:09,425][INFO]:  KiCad Schematic Converter: Attribute name 'Description' from line 12482 need to be changed to 'DESCRIPTION'
[2026-07-15 11:47:09,426][INFO]:  KiCad Schematic Converter: Attribute name 'Footprint' from line 12539 need to be changed to 'FOOTPRINT'
[2026-07-15 11:47:09,426][INFO]:  KiCad Schematic Converter: Attribute name 'Datasheet' from line 12548 need to be changed to 'DATASHEET'
[2026-07-15 11:47:09,426][INFO]:  KiCad Schematic Converter: Attribute name 'Description' from line 12557 need to be changed to 'DESCRIPTION'
[2026-07-15 11:47:09,427][INFO]:  KiCad Schematic Converter: Attribute name 'Footprint' from line 12608 need to be changed to 'FOOTPRINT'
[2026-07-15 11:47:09,427][INFO]:  KiCad Schematic Converter: Attribute name 'Datasheet' from line 12617 need to be changed to 'DATASHEET'
[2026-07-15 11:47:09,427][INFO]:  KiCad Schematic Converter: Attribute name 'Description' from line 12626 need to be changed to 'DESCRIPTION'
[2026-07-15 11:47:09,428][INFO]:  KiCad Schematic Converter: Attribute name 'Footprint' from line 12677 need to be changed to 'FOOTPRINT'
[2026-07-15 11:47:09,428][INFO]:  KiCad Schematic Converter: Attribute name 'Datasheet' from line 12686 need to be changed to 'DATASHEET'
[2026-07-15 11:47:09,428][INFO]:  KiCad Schematic Converter: Attribute name 'Description' from line 12695 need to be changed to 'DESCRIPTION'
[2026-07-15 11:47:09,429][INFO]:  KiCad Schematic Converter: Attribute name 'Footprint' from line 12746 need to be changed to 'FOOTPRINT'
[2026-07-15 11:47:09,429][INFO]:  KiCad Schematic Converter: Attribute name 'Datasheet' from line 12755 need to be changed to 'DATASHEET'
[2026-07-15 11:47:09,429][INFO]:  KiCad Schematic Converter: Attribute name 'Description' from line 12764 need to be changed to 'DESCRIPTION'
[2026-07-15 11:47:09,430][INFO]:  KiCad Schematic Converter: Attribute name 'Footprint' from line 12813 need to be changed to 'FOOTPRINT'
[2026-07-15 11:47:09,430][INFO]:  KiCad Schematic Converter: Attribute name 'Datasheet' from line 12822 need to be changed to 'DATASHEET'
[2026-07-15 11:47:09,430][INFO]:  KiCad Schematic Converter: Attribute name 'Description' from line 12831 need to be changed to 'DESCRIPTION'
[2026-07-15 11:47:09,430][INFO]:  KiCad Schematic Converter: Attribute name 'Footprint' from line 12878 need to be changed to 'FOOTPRINT'
[2026-07-15 11:47:09,431][INFO]:  KiCad Schematic Converter: Attribute name 'Datasheet' from line 12888 need to be changed to 'DATASHEET'
[2026-07-15 11:47:09,431][INFO]:  KiCad Schematic Converter: Attribute name 'Description' from line 12898 need to be changed to 'DESCRIPTION'
[2026-07-15 11:47:09,431][INFO]:  KiCad Schematic Converter: Attribute name 'Footprint' from line 12955 need to be changed to 'FOOTPRINT'
[2026-07-15 11:47:09,431][INFO]:  KiCad Schematic Converter: Attribute name 'Datasheet' from line 12964 need to be changed to 'DATASHEET'
[2026-07-15 11:47:09,431][INFO]:  KiCad Schematic Converter: Attribute name 'Description' from line 12973 need to be changed to 'DESCRIPTION'
[2026-07-15 11:47:09,432][INFO]:  KiCad Schematic Converter: Attribute name 'Footprint' from line 13024 need to be changed to 'FOOTPRINT'
[2026-07-15 11:47:09,432][INFO]:  KiCad Schematic Converter: Attribute name 'Datasheet' from line 13033 need to be changed to 'DATASHEET'
[2026-07-15 11:47:09,432][INFO]:  KiCad Schematic Converter: Attribute name 'Description' from line 13042 need to be changed to 'DESCRIPTION'
[2026-07-15 11:47:09,433][INFO]:  KiCad Schematic Converter: Attribute name 'Footprint' from line 13093 need to be changed to 'FOOTPRINT'
[2026-07-15 11:47:09,433][INFO]:  KiCad Schematic Converter: Attribute name 'Datasheet' from line 13102 need to be changed to 'DATASHEET'
[2026-07-15 11:47:09,433][INFO]:  KiCad Schematic Converter: Attribute name 'Description' from line 13111 need to be changed to 'DESCRIPTION'
[2026-07-15 11:47:09,434][INFO]:  KiCad Schematic Converter: Attribute name 'Footprint' from line 13162 need to be changed to 'FOOTPRINT'
[2026-07-15 11:47:09,434][INFO]:  KiCad Schematic Converter: Attribute name 'Datasheet' from line 13171 need to be changed to 'DATASHEET'
[2026-07-15 11:47:09,434][INFO]:  KiCad Schematic Converter: Attribute name 'Description' from line 13180 need to be changed to 'DESCRIPTION'
[2026-07-15 11:47:09,435][INFO]:  KiCad Schematic Converter: Attribute name 'Footprint' from line 13230 need to be changed to 'FOOTPRINT'
[2026-07-15 11:47:09,435][INFO]:  KiCad Schematic Converter: Attribute name 'Datasheet' from line 13240 need to be changed to 'DATASHEET'
[2026-07-15 11:47:09,435][INFO]:  KiCad Schematic Converter: Attribute name 'Description' from line 13250 need to be changed to 'DESCRIPTION'
[2026-07-15 11:47:09,436][INFO]:  KiCad Schematic Converter: Attribute name 'Footprint' from line 13306 need to be changed to 'FOOTPRINT'
[2026-07-15 11:47:09,436][INFO]:  KiCad Schematic Converter: Attribute name 'Datasheet' from line 13316 need to be changed to 'DATASHEET'
[2026-07-15 11:47:09,436][INFO]:  KiCad Schematic Converter: Attribute name 'Description' from line 13326 need to be changed to 'DESCRIPTION'
[2026-07-15 11:47:09,437][INFO]:  KiCad Schematic Converter: Attribute name 'Footprint' from line 13383 need to be changed to 'FOOTPRINT'
[2026-07-15 11:47:09,437][INFO]:  KiCad Schematic Converter: Attribute name 'Datasheet' from line 13392 need to be changed to 'DATASHEET'
[2026-07-15 11:47:09,437][INFO]:  KiCad Schematic Converter: Attribute name 'Description' from line 13401 need to be changed to 'DESCRIPTION'
[2026-07-15 11:47:09,437][INFO]:  KiCad Schematic Converter: Attribute name 'Footprint' from line 13452 need to be changed to 'FOOTPRINT'
[2026-07-15 11:47:09,437][INFO]:  KiCad Schematic Converter: Attribute name 'Datasheet' from line 13461 need to be changed to 'DATASHEET'
[2026-07-15 11:47:09,437][INFO]:  KiCad Schematic Converter: Attribute name 'Description' from line 13470 need to be changed to 'DESCRIPTION'
[2026-07-15 11:47:09,438][INFO]:  KiCad Schematic Converter: Attribute name 'Footprint' from line 13521 need to be changed to 'FOOTPRINT'
[2026-07-15 11:47:09,438][INFO]:  KiCad Schematic Converter: Attribute name 'Datasheet' from line 13530 need to be changed to 'DATASHEET'
[2026-07-15 11:47:09,438][INFO]:  KiCad Schematic Converter: Attribute name 'Description' from line 13539 need to be changed to 'DESCRIPTION'
[2026-07-15 11:47:09,439][INFO]:  KiCad Schematic Converter: Attribute name 'Footprint' from line 13589 need to be changed to 'FOOTPRINT'
[2026-07-15 11:47:09,439][INFO]:  KiCad Schematic Converter: Attribute name 'Datasheet' from line 13599 need to be changed to 'DATASHEET'
[2026-07-15 11:47:09,439][INFO]:  KiCad Schematic Converter: Attribute name 'Description' from line 13609 need to be changed to 'DESCRIPTION'
[2026-07-15 11:47:09,440][INFO]:  KiCad Schematic Converter: Attribute name 'Footprint' from line 13665 need to be changed to 'FOOTPRINT'
[2026-07-15 11:47:09,440][INFO]:  KiCad Schematic Converter: Attribute name 'Datasheet' from line 13675 need to be changed to 'DATASHEET'
[2026-07-15 11:47:09,440][INFO]:  KiCad Schematic Converter: Attribute name 'Description' from line 13685 need to be changed to 'DESCRIPTION'
[2026-07-15 11:47:09,441][INFO]:  KiCad Schematic Converter: Attribute name 'Footprint' from line 13742 need to be changed to 'FOOTPRINT'
[2026-07-15 11:47:09,441][INFO]:  KiCad Schematic Converter: Attribute name 'Datasheet' from line 13751 need to be changed to 'DATASHEET'
[2026-07-15 11:47:09,441][INFO]:  KiCad Schematic Converter: Attribute name 'Description' from line 13760 need to be changed to 'DESCRIPTION'
[2026-07-15 11:47:09,442][INFO]:  KiCad Schematic Converter: Attribute name 'Footprint' from line 13811 need to be changed to 'FOOTPRINT'
[2026-07-15 11:47:09,442][INFO]:  KiCad Schematic Converter: Attribute name 'Datasheet' from line 13820 need to be changed to 'DATASHEET'
[2026-07-15 11:47:09,442][INFO]:  KiCad Schematic Converter: Attribute name 'Description' from line 13829 need to be changed to 'DESCRIPTION'
[2026-07-15 11:47:09,442][INFO]:  KiCad Schematic Converter: Attribute name 'Footprint' from line 13879 need to be changed to 'FOOTPRINT'
[2026-07-15 11:47:09,442][INFO]:  KiCad Schematic Converter: Attribute name 'Datasheet' from line 13889 need to be changed to 'DATASHEET'
[2026-07-15 11:47:09,442][INFO]:  KiCad Schematic Converter: Attribute name 'Description' from line 13899 need to be changed to 'DESCRIPTION'
[2026-07-15 11:47:09,443][INFO]:  KiCad Schematic Converter: Attribute name 'Footprint' from line 13955 need to be changed to 'FOOTPRINT'
[2026-07-15 11:47:09,443][INFO]:  KiCad Schematic Converter: Attribute name 'Datasheet' from line 13965 need to be changed to 'DATASHEET'
[2026-07-15 11:47:09,443][INFO]:  KiCad Schematic Converter: Attribute name 'Description' from line 13975 need to be changed to 'DESCRIPTION'
[2026-07-15 11:47:09,444][INFO]:  KiCad Schematic Converter: Attribute name 'Footprint' from line 14032 need to be changed to 'FOOTPRINT'
[2026-07-15 11:47:09,444][INFO]:  KiCad Schematic Converter: Attribute name 'Datasheet' from line 14041 need to be changed to 'DATASHEET'
[2026-07-15 11:47:09,444][INFO]:  KiCad Schematic Converter: Attribute name 'Description' from line 14050 need to be changed to 'DESCRIPTION'
[2026-07-15 11:47:09,445][INFO]:  KiCad Schematic Converter: Attribute name 'Footprint' from line 14100 need to be changed to 'FOOTPRINT'
[2026-07-15 11:47:09,445][INFO]:  KiCad Schematic Converter: Attribute name 'Datasheet' from line 14110 need to be changed to 'DATASHEET'
[2026-07-15 11:47:09,445][INFO]:  KiCad Schematic Converter: Attribute name 'Description' from line 14120 need to be changed to 'DESCRIPTION'
[2026-07-15 11:47:09,446][INFO]:  KiCad Schematic Converter: Attribute name 'Footprint' from line 14176 need to be changed to 'FOOTPRINT'
[2026-07-15 11:47:09,446][INFO]:  KiCad Schematic Converter: Attribute name 'Datasheet' from line 14186 need to be changed to 'DATASHEET'
[2026-07-15 11:47:09,446][INFO]:  KiCad Schematic Converter: Attribute name 'Description' from line 14196 need to be changed to 'DESCRIPTION'
[2026-07-15 11:47:09,447][INFO]:  KiCad Schematic Converter: Attribute name 'Footprint' from line 14252 need to be changed to 'FOOTPRINT'
[2026-07-15 11:47:09,447][INFO]:  KiCad Schematic Converter: Attribute name 'Datasheet' from line 14262 need to be changed to 'DATASHEET'
[2026-07-15 11:47:09,447][INFO]:  KiCad Schematic Converter: Attribute name 'Description' from line 14272 need to be changed to 'DESCRIPTION'
[2026-07-15 11:47:09,447][INFO]:  KiCad Schematic Converter: Attribute name 'Footprint' from line 14328 need to be changed to 'FOOTPRINT'
[2026-07-15 11:47:09,447][INFO]:  KiCad Schematic Converter: Attribute name 'Datasheet' from line 14338 need to be changed to 'DATASHEET'
[2026-07-15 11:47:09,447][INFO]:  KiCad Schematic Converter: Attribute name 'Description' from line 14348 need to be changed to 'DESCRIPTION'
[2026-07-15 11:47:09,449][INFO]:  KiCad Schematic Converter: Attribute name 'Footprint' from line 14405 need to be changed to 'FOOTPRINT'
[2026-07-15 11:47:09,449][INFO]:  KiCad Schematic Converter: Attribute name 'Datasheet' from line 14414 need to be changed to 'DATASHEET'
[2026-07-15 11:47:09,449][INFO]:  KiCad Schematic Converter: Attribute name 'Description' from line 14423 need to be changed to 'DESCRIPTION'
[2026-07-15 11:47:09,450][INFO]:  KiCad Schematic Converter: Attribute name 'Footprint' from line 14473 need to be changed to 'FOOTPRINT'
[2026-07-15 11:47:09,450][INFO]:  KiCad Schematic Converter: Attribute name 'Datasheet' from line 14483 need to be changed to 'DATASHEET'
[2026-07-15 11:47:09,450][INFO]:  KiCad Schematic Converter: Attribute name 'Description' from line 14493 need to be changed to 'DESCRIPTION'
[2026-07-15 11:47:09,451][INFO]:  KiCad Schematic Converter: Attribute name 'Footprint' from line 14549 need to be changed to 'FOOTPRINT'
[2026-07-15 11:47:09,451][INFO]:  KiCad Schematic Converter: Attribute name 'Datasheet' from line 14559 need to be changed to 'DATASHEET'
[2026-07-15 11:47:09,451][INFO]:  KiCad Schematic Converter: Attribute name 'Description' from line 14569 need to be changed to 'DESCRIPTION'
[2026-07-15 11:47:09,452][INFO]:  KiCad Schematic Converter: Attribute name 'Footprint' from line 14625 need to be changed to 'FOOTPRINT'
[2026-07-15 11:47:09,452][INFO]:  KiCad Schematic Converter: Attribute name 'Datasheet' from line 14635 need to be changed to 'DATASHEET'
[2026-07-15 11:47:09,452][INFO]:  KiCad Schematic Converter: Attribute name 'Description' from line 14645 need to be changed to 'DESCRIPTION'
[2026-07-15 11:47:09,453][INFO]:  KiCad Schematic Converter: Attribute name 'Footprint' from line 14701 need to be changed to 'FOOTPRINT'
[2026-07-15 11:47:09,453][INFO]:  KiCad Schematic Converter: Attribute name 'Datasheet' from line 14711 need to be changed to 'DATASHEET'
[2026-07-15 11:47:09,453][INFO]:  KiCad Schematic Converter: Attribute name 'Description' from line 14721 need to be changed to 'DESCRIPTION'
[2026-07-15 11:47:09,454][INFO]:  KiCad Schematic Converter: Attribute name 'Footprint' from line 14778 need to be changed to 'FOOTPRINT'
[2026-07-15 11:47:09,454][INFO]:  KiCad Schematic Converter: Attribute name 'Datasheet' from line 14787 need to be changed to 'DATASHEET'
[2026-07-15 11:47:09,454][INFO]:  KiCad Schematic Converter: Attribute name 'Description' from line 14796 need to be changed to 'DESCRIPTION'
[2026-07-15 11:47:09,454][INFO]:  KiCad Schematic Converter: Attribute name 'Footprint' from line 14847 need to be changed to 'FOOTPRINT'
[2026-07-15 11:47:09,454][INFO]:  KiCad Schematic Converter: Attribute name 'Datasheet' from line 14856 need to be changed to 'DATASHEET'
[2026-07-15 11:47:09,454][INFO]:  KiCad Schematic Converter: Attribute name 'Description' from line 14865 need to be changed to 'DESCRIPTION'
[2026-07-15 11:47:09,455][INFO]:  KiCad Schematic Converter: Attribute name 'Description' from line 14933 need to be changed to 'DESCRIPTION'
[2026-07-15 11:47:09,457][INFO]:  KiCad Schematic Converter: Attribute name 'Description' from line 14998 need to be changed to 'DESCRIPTION'
[2026-07-15 11:47:09,457][INFO]:  KiCad Schematic Converter: Attribute name 'Footprint' from line 15046 need to be changed to 'FOOTPRINT'
[2026-07-15 11:47:09,459][INFO]:  KiCad Schematic Converter: Attribute name 'Datasheet' from line 15055 need to be changed to 'DATASHEET'
[2026-07-15 11:47:09,459][INFO]:  KiCad Schematic Converter: Attribute name 'Description' from line 15064 need to be changed to 'DESCRIPTION'
[2026-07-15 11:47:09,459][INFO]:  KiCad Schematic Converter: Attribute name 'Footprint' from line 15115 need to be changed to 'FOOTPRINT'
[2026-07-15 11:47:09,459][INFO]:  KiCad Schematic Converter: Attribute name 'Datasheet' from line 15124 need to be changed to 'DATASHEET'
[2026-07-15 11:47:09,459][INFO]:  KiCad Schematic Converter: Attribute name 'Description' from line 15133 need to be changed to 'DESCRIPTION'
[2026-07-15 11:47:09,460][INFO]:  KiCad Schematic Converter: Attribute name 'Footprint' from line 15184 need to be changed to 'FOOTPRINT'
[2026-07-15 11:47:09,460][INFO]:  KiCad Schematic Converter: Attribute name 'Datasheet' from line 15193 need to be changed to 'DATASHEET'
[2026-07-15 11:47:09,460][INFO]:  KiCad Schematic Converter: Attribute name 'Description' from line 15202 need to be changed to 'DESCRIPTION'
[2026-07-15 11:47:09,461][INFO]:  KiCad Schematic Converter: Attribute name 'Footprint' from line 15252 need to be changed to 'FOOTPRINT'
[2026-07-15 11:47:09,461][INFO]:  KiCad Schematic Converter: Attribute name 'Datasheet' from line 15262 need to be changed to 'DATASHEET'
[2026-07-15 11:47:09,461][INFO]:  KiCad Schematic Converter: Attribute name 'Description' from line 15272 need to be changed to 'DESCRIPTION'
[2026-07-15 11:47:09,461][INFO]:  Finished processing document: 'D:/mCraft_compass/KiCAD/new_ledMatrix/new_ledMatrix.kicad_sch'
[2026-07-15 11:47:09,461][INFO]:  Processing documents list finished
[2026-07-15 11:47:09,461][INFO]:  KiCad Importer Post Processor: Postprocessing imported design
[2026-07-15 11:47:09,461][INFO]:  KiCad Importer Post Processor: Processing board components
[2026-07-15 11:47:09,461][INFO]:  KiCad Importer Post Processor: Package 'LED_SK6812MINI_PLCC4_3.5X3.5MM_P1.75MM' was moved from library 'LED_SMD' to 'My_Custom_Symbols' as 'LED_SMD_LED_SK6812MINI_PLCC4_3.5X3.5MM_P1.75MM'
[2026-07-15 11:47:09,477][INFO]:  KiCad Importer Post Processor: Package 'TESTPOINT_PAD_D2.5MM' was moved from library 'TestPoint' to 'Connector' as 'TESTPOINT_TESTPOINT_PAD_D2.5MM'
[2026-07-15 11:47:09,477][INFO]:  KiCad Importer Post Processor: Package 'TESTPOINT_PAD_D2.5MM_V1' was moved from library 'TestPoint' to 'Connector' as 'TESTPOINT_TESTPOINT_PAD_D2.5MM_V1'
[2026-07-15 11:47:09,479][INFO]:  KiCad Importer Post Processor: Package 'R_1206_3216METRIC' was moved from library 'Resistor_SMD' to 'Device' as 'RESISTOR_SMD_R_1206_3216METRIC'
[2026-07-15 11:47:09,479][INFO]:  KiCad Importer Post Processor: Package 'TESTPOINT_PAD_D2.5MM_V2' was moved from library 'TestPoint' to 'Connector' as 'TESTPOINT_TESTPOINT_PAD_D2.5MM_V2'
[2026-07-15 11:47:09,479][INFO]:  KiCad Importer Post Processor: Processing board components finished
[2026-07-15 11:47:09,479][INFO]:  KiCad Importer Post Processor: Processing board nets
[2026-07-15 11:47:09,479][INFO]:  KiCad Importer Post Processor: Board signal 'NET-(D44-DOUT)' name was changed to match schematic net name 'N$4'
[2026-07-15 11:47:09,480][INFO]:  KiCad Importer Post Processor: Board signal 'NET-(D17-DOUT)' name was changed to match schematic net name 'N$13'
[2026-07-15 11:47:09,480][INFO]:  KiCad Importer Post Processor: Board signal 'NET-(D28-DOUT)' name was changed to match schematic net name 'N$16'
[2026-07-15 11:47:09,480][INFO]:  KiCad Importer Post Processor: Board signal 'NET-(D48-DOUT)' name was changed to match schematic net name 'N$19'
[2026-07-15 11:47:09,480][INFO]:  KiCad Importer Post Processor: Board signal 'NET-(D53-DOUT)' name was changed to match schematic net name 'N$21'
[2026-07-15 11:47:09,480][INFO]:  KiCad Importer Post Processor: Board signal 'NET-(D32-DOUT)' name was changed to match schematic net name 'N$24'
[2026-07-15 11:47:09,480][INFO]:  KiCad Importer Post Processor: Board signal 'NET-(R1-PAD1)' name was changed to match schematic net name 'N$50'
[2026-07-15 11:47:09,480][INFO]:  KiCad Importer Post Processor: Board signal 'NET-(D19-DOUT)' name was changed to match schematic net name 'N$51'
[2026-07-15 11:47:09,481][INFO]:  KiCad Importer Post Processor: Board signal 'NET-(D33-DOUT)' name was changed to match schematic net name 'N$58'
[2026-07-15 11:47:09,481][INFO]:  KiCad Importer Post Processor: Board signal 'NET-(D34-DOUT)' name was changed to match schematic net name 'N$61'
[2026-07-15 11:47:09,481][INFO]:  KiCad Importer Post Processor: Board signal 'NET-(D45-DOUT)' name was changed to match schematic net name 'N$65'
[2026-07-15 11:47:09,481][INFO]:  KiCad Importer Post Processor: Board signal 'NET-(D52-DOUT)' name was changed to match schematic net name 'N$72'
[2026-07-15 11:47:09,481][INFO]:  KiCad Importer Post Processor: Board signal 'NET-(D14-DOUT)' name was changed to match schematic net name 'N$74'
[2026-07-15 11:47:09,481][INFO]:  KiCad Importer Post Processor: Board signal 'NET-(D27-DOUT)' name was changed to match schematic net name 'N$77'
[2026-07-15 11:47:09,481][INFO]:  KiCad Importer Post Processor: Board signal 'NET-(D13-DOUT)' name was changed to match schematic net name 'N$80'
[2026-07-15 11:47:09,481][INFO]:  KiCad Importer Post Processor: Board signal 'NET-(D11-DOUT)' name was changed to match schematic net name 'N$81'
[2026-07-15 11:47:09,481][INFO]:  KiCad Importer Post Processor: Board signal 'NET-(D50-DOUT)' name was changed to match schematic net name 'N$85'
[2026-07-15 11:47:09,481][INFO]:  KiCad Importer Post Processor: Board signal 'NET-(D42-DOUT)' name was changed to match schematic net name 'N$96'
[2026-07-15 11:47:09,483][INFO]:  KiCad Importer Post Processor: Board signal 'NET-(D31-DOUT)' name was changed to match schematic net name 'N$101'
[2026-07-15 11:47:09,483][INFO]:  KiCad Importer Post Processor: Board signal 'NET-(D41-DOUT)' name was changed to match schematic net name 'N$105'
[2026-07-15 11:47:09,483][INFO]:  KiCad Importer Post Processor: Board signal 'NET-(D56-DOUT)' name was changed to match schematic net name 'N$108'
[2026-07-15 11:47:09,483][INFO]:  KiCad Importer Post Processor: Board signal 'NET-(D4-DOUT)' name was changed to match schematic net name 'N$109'
[2026-07-15 11:47:09,483][INFO]:  KiCad Importer Post Processor: Board signal 'NET-(D40-DOUT)' name was changed to match schematic net name 'N$111'
[2026-07-15 11:47:09,483][INFO]:  KiCad Importer Post Processor: Board signal 'NET-(D54-DOUT)' name was changed to match schematic net name 'N$116'
[2026-07-15 11:47:09,483][INFO]:  KiCad Importer Post Processor: Board signal 'NET-(D26-DOUT)' name was changed to match schematic net name 'N$121'
[2026-07-15 11:47:09,484][INFO]:  KiCad Importer Post Processor: Board signal 'NET-(D18-DOUT)' name was changed to match schematic net name 'N$129'
[2026-07-15 11:47:09,484][INFO]:  KiCad Importer Post Processor: Board signal 'NET-(D43-DOUT)' name was changed to match schematic net name 'N$131'
[2026-07-15 11:47:09,484][INFO]:  KiCad Importer Post Processor: Board signal 'NET-(D36-DOUT)' name was changed to match schematic net name 'N$134'
[2026-07-15 11:47:09,484][INFO]:  KiCad Importer Post Processor: Board signal 'NET-(D51-DOUT)' name was changed to match schematic net name 'N$136'
[2026-07-15 11:47:09,484][INFO]:  KiCad Importer Post Processor: Board signal 'NET-(D12-DOUT)' name was changed to match schematic net name 'N$139'
[2026-07-15 11:47:09,484][INFO]:  KiCad Importer Post Processor: Board signal 'NET-(D47-DOUT)' name was changed to match schematic net name 'N$140'
[2026-07-15 11:47:09,484][INFO]:  KiCad Importer Post Processor: Board signal 'NET-(D3-DOUT)' name was changed to match schematic net name 'N$142'
[2026-07-15 11:47:09,484][INFO]:  KiCad Importer Post Processor: Board signal 'NET-(D39-DOUT)' name was changed to match schematic net name 'N$145'
[2026-07-15 11:47:09,485][INFO]:  KiCad Importer Post Processor: Board signal 'NET-(D29-DOUT)' name was changed to match schematic net name 'N$147'
[2026-07-15 11:47:09,485][INFO]:  KiCad Importer Post Processor: Board signal 'NET-(D20-DOUT)' name was changed to match schematic net name 'N$149'
[2026-07-15 11:47:09,485][INFO]:  KiCad Importer Post Processor: Board signal 'NET-(D2-DOUT)' name was changed to match schematic net name 'N$150'
[2026-07-15 11:47:09,485][INFO]:  KiCad Importer Post Processor: Board signal 'NET-(D55-DOUT)' name was changed to match schematic net name 'N$151'
[2026-07-15 11:47:09,485][INFO]:  KiCad Importer Post Processor: Board signal 'NET-(D46-DOUT)' name was changed to match schematic net name 'N$152'
[2026-07-15 11:47:09,485][INFO]:  KiCad Importer Post Processor: Board signal 'NET-(D21-DOUT)' name was changed to match schematic net name 'N$153'
[2026-07-15 11:47:09,485][INFO]:  KiCad Importer Post Processor: Board signal 'NET-(D24-DOUT)' name was changed to match schematic net name 'N$155'
[2026-07-15 11:47:09,486][INFO]:  KiCad Importer Post Processor: Board signal 'NET-(D37-DOUT)' name was changed to match schematic net name 'N$156'
[2026-07-15 11:47:09,486][INFO]:  KiCad Importer Post Processor: Board signal 'NET-(D25-DOUT)' name was changed to match schematic net name 'N$158'
[2026-07-15 11:47:09,486][INFO]:  KiCad Importer Post Processor: Board signal 'NET-(D5-DOUT)' name was changed to match schematic net name 'N$159'
[2026-07-15 11:47:09,486][INFO]:  KiCad Importer Post Processor: Board signal 'NET-(D15-DOUT)' name was changed to match schematic net name 'N$161'
[2026-07-15 11:47:09,486][INFO]:  KiCad Importer Post Processor: Board signal 'NET-(D49-DOUT)' name was changed to match schematic net name 'N$162'
[2026-07-15 11:47:09,486][INFO]:  KiCad Importer Post Processor: Board signal 'NET-(D16-DOUT)' name was changed to match schematic net name 'N$163'
[2026-07-15 11:47:09,486][INFO]:  KiCad Importer Post Processor: Board signal 'NET-(D7-DOUT)' name was changed to match schematic net name 'N$165'
[2026-07-15 11:47:09,486][INFO]:  KiCad Importer Post Processor: Board signal 'NET-(D30-DOUT)' name was changed to match schematic net name 'N$166'
[2026-07-15 11:47:09,487][INFO]:  KiCad Importer Post Processor: Board signal 'NET-(D10-DIN)' name was changed to match schematic net name 'N$167'
[2026-07-15 11:47:09,487][INFO]:  KiCad Importer Post Processor: Board signal 'NET-(D1-DIN)' name was changed to match schematic net name 'N$168'
[2026-07-15 11:47:09,487][INFO]:  KiCad Importer Post Processor: Board signal 'NET-(D22-DOUT)' name was changed to match schematic net name 'N$169'
[2026-07-15 11:47:09,487][INFO]:  KiCad Importer Post Processor: Board signal 'NET-(D1-DOUT)' name was changed to match schematic net name 'N$170'
[2026-07-15 11:47:09,487][INFO]:  KiCad Importer Post Processor: Board signal 'NET-(D35-DOUT)' name was changed to match schematic net name 'N$171'
[2026-07-15 11:47:09,487][INFO]:  KiCad Importer Post Processor: Board signal 'NET-(D23-DOUT)' name was changed to match schematic net name 'N$172'
[2026-07-15 11:47:09,487][INFO]:  KiCad Importer Post Processor: Board signal 'NET-(D6-DOUT)' name was changed to match schematic net name 'N$173'
[2026-07-15 11:47:09,487][INFO]:  KiCad Importer Post Processor: Board signal 'NET-(D10-DOUT)' name was changed to match schematic net name 'N$174'
[2026-07-15 11:47:09,488][INFO]:  KiCad Importer Post Processor: Board signal 'NET-(D38-DOUT)' name was changed to match schematic net name 'N$175'
[2026-07-15 11:47:09,488][INFO]:  KiCad Importer Post Processor: Board signal 'NET-(D8-DOUT)' name was changed to match schematic net name 'N$176'
[2026-07-15 11:47:09,506][INFO]:  KiCad Importer Post Processor: Processing board nets finished
[2026-07-15 11:47:09,506][INFO]:  KiCad Importer Post Processor: Processing net classes
[2026-07-15 11:47:09,507][INFO]:  KiCad Importer Post Processor: Processing net classes finished
[2026-07-15 11:47:09,507][INFO]:  KiCad Importer Post Processor: Postprocessing imported design finished
[2026-07-15 11:47:09,641][INFO]:  Import finished
